Component: ARM Compiler 5.06 update 4 (build 422) Tool: armlink [4d35d2]

==============================================================================

Section Cross References

    startup_stm32l431xx.o(RESET) refers to startup_stm32l431xx.o(STACK) for __initial_sp
    startup_stm32l431xx.o(RESET) refers to startup_stm32l431xx.o(.text) for Reset_Handler
    startup_stm32l431xx.o(RESET) refers to stm32l4xx_it.o(i.NMI_Handler) for NMI_Handler
    startup_stm32l431xx.o(RESET) refers to stm32l4xx_it.o(i.HardFault_Handler) for HardFault_Handler
    startup_stm32l431xx.o(RESET) refers to stm32l4xx_it.o(i.MemManage_Handler) for MemManage_Handler
    startup_stm32l431xx.o(RESET) refers to stm32l4xx_it.o(i.BusFault_Handler) for BusFault_Handler
    startup_stm32l431xx.o(RESET) refers to stm32l4xx_it.o(i.UsageFault_Handler) for UsageFault_Handler
    startup_stm32l431xx.o(RESET) refers to stm32l4xx_it.o(i.SVC_Handler) for SVC_Handler
    startup_stm32l431xx.o(RESET) refers to stm32l4xx_it.o(i.DebugMon_Handler) for DebugMon_Handler
    startup_stm32l431xx.o(RESET) refers to stm32l4xx_it.o(i.PendSV_Handler) for PendSV_Handler
    startup_stm32l431xx.o(RESET) refers to stm32l4xx_it.o(i.SysTick_Handler) for SysTick_Handler
    startup_stm32l431xx.o(RESET) refers to stm32l4xx_it.o(i.EXTI2_IRQHandler) for EXTI2_IRQHandler
    startup_stm32l431xx.o(RESET) refers to stm32l4xx_it.o(i.EXTI3_IRQHandler) for EXTI3_IRQHandler
    startup_stm32l431xx.o(RESET) refers to stm32l4xx_it.o(i.EXTI4_IRQHandler) for EXTI4_IRQHandler
    startup_stm32l431xx.o(RESET) refers to stm32l4xx_it.o(i.EXTI9_5_IRQHandler) for EXTI9_5_IRQHandler
    startup_stm32l431xx.o(RESET) refers to stm32l4xx_it.o(i.TIM2_IRQHandler) for TIM2_IRQHandler
    startup_stm32l431xx.o(RESET) refers to stm32l4xx_it.o(i.USART2_IRQHandler) for USART2_IRQHandler
    startup_stm32l431xx.o(RESET) refers to stm32l4xx_it.o(i.USART3_IRQHandler) for USART3_IRQHandler
    startup_stm32l431xx.o(RESET) refers to stm32l4xx_it.o(i.EXTI15_10_IRQHandler) for EXTI15_10_IRQHandler
    startup_stm32l431xx.o(RESET) refers to stm32l4xx_it.o(i.TIM6_DAC_IRQHandler) for TIM6_DAC_IRQHandler
    startup_stm32l431xx.o(RESET) refers to stm32l4xx_it.o(i.TIM7_IRQHandler) for TIM7_IRQHandler
    startup_stm32l431xx.o(.text) refers to system_stm32l4xx.o(i.SystemInit) for SystemInit
    startup_stm32l431xx.o(.text) refers to entry.o(.ARM.Collect$$$$00000000) for __main
    main.o(i.HAL_GPIO_EXTI_Callback) refers to menu.o(i.SYSCLKConfig_STOP) for SYSCLKConfig_STOP
    main.o(i.HAL_GPIO_EXTI_Callback) refers to win6170.o(i.set_win6170) for set_win6170
    main.o(i.HAL_GPIO_EXTI_Callback) refers to printf8.o(i.__0printf$8) for __2printf
    main.o(i.HAL_GPIO_EXTI_Callback) refers to nfc9883.o(i.detect_card) for detect_card
    main.o(i.HAL_GPIO_EXTI_Callback) refers to delay.o(i.sys_delay_us) for sys_delay_us
    main.o(i.HAL_GPIO_EXTI_Callback) refers to stm32l4xx_hal_gpio.o(i.HAL_GPIO_ReadPin) for HAL_GPIO_ReadPin
    main.o(i.HAL_GPIO_EXTI_Callback) refers to flash.o(i.factory_reset) for factory_reset
    main.o(i.HAL_GPIO_EXTI_Callback) refers to apt8l16.o(i.APT_ScanTouchKey) for APT_ScanTouchKey
    main.o(i.HAL_GPIO_EXTI_Callback) refers to stm32l4xx_hal_cortex.o(i.HAL_NVIC_DisableIRQ) for HAL_NVIC_DisableIRQ
    main.o(i.HAL_GPIO_EXTI_Callback) refers to wifi_8266.o(i.wifi_power_on) for wifi_power_on
    main.o(i.HAL_GPIO_EXTI_Callback) refers to wifi_8266.o(i.wifi_upload_alarm_info) for wifi_upload_alarm_info
    main.o(i.HAL_GPIO_EXTI_Callback) refers to stm32l4xx_hal_cortex.o(i.HAL_NVIC_EnableIRQ) for HAL_NVIC_EnableIRQ
    main.o(i.HAL_GPIO_EXTI_Callback) refers to fpcst90x.o(i.fp_power_on) for fp_power_on
    main.o(i.HAL_GPIO_EXTI_Callback) refers to main.o(.data) for .data
    main.o(i.HAL_GPIO_EXTI_Callback) refers to flash.o(.data) for get_cur_info
    main.o(i.HAL_GPIO_EXTI_Callback) refers to main.o(.constdata) for .constdata
    main.o(i.HAL_TIM_PeriodElapsedCallback) refers to hsj08.o(i.LOCK) for LOCK
    main.o(i.HAL_TIM_PeriodElapsedCallback) refers to stm32l4xx_hal_tim.o(i.HAL_TIM_Base_Stop_IT) for HAL_TIM_Base_Stop_IT
    main.o(i.HAL_TIM_PeriodElapsedCallback) refers to stm32l4xx_hal_iwdg.o(i.HAL_IWDG_Refresh) for HAL_IWDG_Refresh
    main.o(i.HAL_TIM_PeriodElapsedCallback) refers to printf8.o(i.__0printf$8) for __2printf
    main.o(i.HAL_TIM_PeriodElapsedCallback) refers to ssd1305.o(i.display_factory_hjs_number) for display_factory_hjs_number
    main.o(i.HAL_TIM_PeriodElapsedCallback) refers to hsj08.o(i.UNLOCK) for UNLOCK
    main.o(i.HAL_TIM_PeriodElapsedCallback) refers to tim.o(.bss) for htim2
    main.o(i.HAL_TIM_PeriodElapsedCallback) refers to iwdg.o(.bss) for hiwdg
    main.o(i.HAL_TIM_PeriodElapsedCallback) refers to main.o(.constdata) for .constdata
    main.o(i.HAL_TIM_PeriodElapsedCallback) refers to main.o(.data) for .data
    main.o(i.HAL_UART_RxCpltCallback) refers to usart.o(.bss) for huart2
[...]
    phhalHw_Rc663_SetTxWait                  0x080105e9   Thumb Code   208  phhalhw_rc663_int.o(i.phhalHw_Rc663_SetTxWait)
    phhalHw_Rc663_Wait                       0x080106c1   Thumb Code   160  phhalhw_rc663.o(i.phhalHw_Rc663_Wait)
    phhalHw_Rc663_WaitIrq                    0x08010761   Thumb Code   334  phhalhw_rc663_wait.o(i.phhalHw_Rc663_WaitIrq)
    phhalHw_Rc663_WriteData                  0x0801092d   Thumb Code   110  phhalhw_rc663_int.o(i.phhalHw_Rc663_WriteData)
    phhalHw_Rc663_WriteFifo                  0x0801099b   Thumb Code   128  phhalhw_rc663_int.o(i.phhalHw_Rc663_WriteFifo)
    phhalHw_Rc663_WriteRegister              0x08010a1b   Thumb Code    92  phhalhw_rc663.o(i.phhalHw_Rc663_WriteRegister)
    phhalHw_ReadRegister                     0x08010a77   Thumb Code    36  phhalhw.o(i.phhalHw_ReadRegister)
    phhalHw_SetConfig                        0x08010a9b   Thumb Code    36  phhalhw.o(i.phhalHw_SetConfig)
    phhalHw_WriteRegister                    0x08010abf   Thumb Code    36  phhalhw.o(i.phhalHw_WriteRegister)
    phpalI14443p3a_ActivateCard              0x08010ae3   Thumb Code    48  phpali14443p3a.o(i.phpalI14443p3a_ActivateCard)
    phpalI14443p3a_Sw_ActivateCard           0x08010b13   Thumb Code   314  phpali14443p3a_sw.o(i.phpalI14443p3a_Sw_ActivateCard)
    phpalI14443p3a_Sw_Anticollision          0x08010c53   Thumb Code   672  phpali14443p3a_sw.o(i.phpalI14443p3a_Sw_Anticollision)
    phpalI14443p3a_Sw_Init                   0x08010ef9   Thumb Code    28  phpali14443p3a_sw.o(i.phpalI14443p3a_Sw_Init)
    phpalI14443p3a_Sw_RequestA               0x08010f15   Thumb Code     8  phpali14443p3a_sw.o(i.phpalI14443p3a_Sw_RequestA)
    phpalI14443p3a_Sw_RequestAEx             0x08010f1d   Thumb Code   176  phpali14443p3a_sw.o(i.phpalI14443p3a_Sw_RequestAEx)
    phpalI14443p3a_Sw_Select                 0x08010fcd   Thumb Code    16  phpali14443p3a_sw.o(i.phpalI14443p3a_Sw_Select)
    phpalI14443p3a_Sw_WakeUpA                0x08010fdd   Thumb Code     8  phpali14443p3a_sw.o(i.phpalI14443p3a_Sw_WakeUpA)
    phpalI14443p3b_RequestB                  0x08010fe5   Thumb Code    46  phpali14443p3b.o(i.phpalI14443p3b_RequestB)
    phpalI14443p3b_Sw_CheckATQBEx            0x08011013   Thumb Code    86  phpali14443p3b_sw.o(i.phpalI14443p3b_Sw_CheckATQBEx)
    phpalI14443p3b_Sw_Init                   0x08011069   Thumb Code    60  phpali14443p3b_sw.o(i.phpalI14443p3b_Sw_Init)
    phpalI14443p3b_Sw_RequestB               0x080110a5   Thumb Code    22  phpali14443p3b_sw.o(i.phpalI14443p3b_Sw_RequestB)
    phpalI14443p3b_Sw_RequestBEx             0x080110bb   Thumb Code   168  phpali14443p3b_sw.o(i.phpalI14443p3b_Sw_RequestBEx)
    phpalI14443p4_Sw_Init                    0x08011163   Thumb Code    22  phpali14443p4_sw.o(i.phpalI14443p4_Sw_Init)
    phpalI14443p4_Sw_ResetProtocol           0x08011179   Thumb Code    32  phpali14443p4_sw.o(i.phpalI14443p4_Sw_ResetProtocol)
    phpalMifare_Sw_Init                      0x08011199   Thumb Code    24  phpalmifare_sw.o(i.phpalMifare_Sw_Init)
    send_bytes                               0x080111c5   Thumb Code   146  74hc595.o(i.send_bytes)
    set_win6170                              0x0801125d   Thumb Code   144  win6170.o(i.set_win6170)
    sleep_mode                               0x080112f5   Thumb Code   442  menu.o(i.sleep_mode)
    stm_flash_erase                          0x08011575   Thumb Code    90  stmflash.o(i.stm_flash_erase)
    stm_flash_erase_write                    0x08011625   Thumb Code   152  stmflash.o(i.stm_flash_erase_write)
    stm_flash_read                           0x08011729   Thumb Code    24  stmflash.o(i.stm_flash_read)
    sys_battery_get                          0x08011741   Thumb Code    96  menu.o(i.sys_battery_get)
    sys_battery_used_log                     0x080117c5   Thumb Code    66  user_operator.o(i.sys_battery_used_log)
    sys_delay_us                             0x0801180d   Thumb Code    48  delay.o(i.sys_delay_us)
    sys_host_about_log                       0x0801183d   Thumb Code    66  user_operator.o(i.sys_host_about_log)
    sys_info_menu                            0x08011885   Thumb Code   134  user_operator.o(i.sys_info_menu)
    sys_log_record                           0x08011911   Thumb Code    68  user_operator.o(i.sys_log_record)
    sys_operator_log                         0x08011965   Thumb Code   246  user_operator.o(i.sys_operator_log)
    sys_resource_used_log                    0x08011ac1   Thumb Code    86  user_operator.o(i.sys_resource_used_log)
    sys_set_config_wlan                      0x08011b25   Thumb Code   200  user_operator.o(i.sys_set_config_wlan)
    sys_set_config_wlan_countdown            0x08011c05   Thumb Code   314  user_operator.o(i.sys_set_config_wlan_countdown)
    sys_set_date_menu                        0x08011e25   Thumb Code  1574  user_operator.o(i.sys_set_date_menu)
    sys_set_factory_menu                     0x08012459   Thumb Code   100  user_operator.o(i.sys_set_factory_menu)
    sys_set_menu                             0x080124c1   Thumb Code   130  user_operator.o(i.sys_set_menu)
    usart2_recv_data                         0x08012549   Thumb Code    80  fpcst90x.o(i.usart2_recv_data)
    usart3_recv_parse                        0x080125a5   Thumb Code   154  wifi_8266.o(i.usart3_recv_parse)
    usart3_search_item                       0x08012695   Thumb Code   142  wifi_8266.o(i.usart3_search_item)
    user_add_hak_menu_sub                    0x0801277d   Thumb Code   190  user_operator.o(i.user_add_hak_menu_sub)
    user_add_keyboard_menu                   0x08012851   Thumb Code   464  user_operator.o(i.user_add_keyboard_menu)
    user_add_menu                            0x08012a8d   Thumb Code   126  user_operator.o(i.user_add_menu)
    user_add_menu_sub                        0x08012b15   Thumb Code   256  user_operator.o(i.user_add_menu_sub)
    user_delete_card_menu                    0x08012c29   Thumb Code  1578  user_operator.o(i.user_delete_card_menu)
    user_delete_fp_menu                      0x08013281   Thumb Code   986  user_operator.o(i.user_delete_fp_menu)
    user_delete_hak_menu_sub                 0x0801381d   Thumb Code   124  user_operator.o(i.user_delete_hak_menu_sub)
    user_delete_menu                         0x080138a1   Thumb Code   126  user_operator.o(i.user_delete_menu)
    user_delete_menu_sub                     0x08013929   Thumb Code   140  user_operator.o(i.user_delete_menu_sub)
    user_delete_password_menu                0x080139bd   Thumb Code  1514  user_operator.o(i.user_delete_password_menu)
    voice_repeat                             0x08013fad   Thumb Code    94  menu.o(i.voice_repeat)
    vol_set                                  0x0801400d   Thumb Code   208  win6170.o(i.vol_set)
    wifi_get_mac                             0x080140f5   Thumb Code    42  wifi_8266.o(i.wifi_get_mac)
    wifi_get_password                        0x08014145   Thumb Code    40  wifi_8266.o(i.wifi_get_password)
    wifi_init                                0x08014171   Thumb Code    10  wifi_8266.o(i.wifi_init)
    wifi_parase_time                         0x08014185   Thumb Code   532  wifi_8266.o(i.wifi_parase_time)
    wifi_power_off                           0x08014459   Thumb Code    12  wifi_8266.o(i.wifi_power_off)
    wifi_power_on                            0x08014469   Thumb Code    26  wifi_8266.o(i.wifi_power_on)
    wifi_remote_open                         0x08014491   Thumb Code  2046  wifi_8266.o(i.wifi_remote_open)
    wifi_rxBuff_clear                        0x08014ca1   Thumb Code    26  wifi_8266.o(i.wifi_rxBuff_clear)
    wifi_smart_config                        0x08014ddd   Thumb Code   376  wifi_8266.o(i.wifi_smart_config)
    wifi_trans_recev_command                 0x0801511d   Thumb Code    78  wifi_8266.o(i.wifi_trans_recev_command)
    wifi_upload_alarm_info                   0x080151e9   Thumb Code   140  wifi_8266.o(i.wifi_upload_alarm_info)
    wifi_upload_all_info                     0x080152b9   Thumb Code   646  wifi_8266.o(i.wifi_upload_all_info)
    wifi_upload_battery                      0x080156e7   Thumb Code    40  wifi_8266.o(i.wifi_upload_battery)
    wifi_upload_send                         0x08015711   Thumb Code   364  wifi_8266.o(i.wifi_upload_send)
    wifi_upload_tryErr_info                  0x08015905   Thumb Code   160  wifi_8266.o(i.wifi_upload_tryErr_info)
    wifi_upload_user_info                    0x08015a25   Thumb Code   374  wifi_8266.o(i.wifi_upload_user_info)
    AHBPrescTable                            0x08015ca8   Data          16  system_stm32l4xx.o(.constdata)
    MSIRangeTable                            0x08015cb8   Data          48  system_stm32l4xx.o(.constdata)
    APBPrescTable                            0x08015ce8   Data           8  system_stm32l4xx.o(.constdata)
    NUMBER                                   0x08015d12   Data         160  ssd1305.o(.constdata)
    CHARACTER                                0x08015db2   Data         416  ssd1305.o(.constdata)
    NUMBER_DEL                               0x08015f52   Data          16  ssd1305.o(.constdata)
    PASSWORD_WARN                            0x08015f62   Data         304  ssd1305.o(.constdata)
    PASSWORD_WARN_AGAIN                      0x08016092   Data         368  ssd1305.o(.constdata)
    PASSWORD_PUT                             0x08016202   Data         160  ssd1305.o(.constdata)
    PASSWORD_NULL                            0x080162a2   Data         128  ssd1305.o(.constdata)
    PASSWORD_ANDMIN                          0x08016322   Data         192  ssd1305.o(.constdata)
    PASSWORD_FULL                            0x080163e2   Data         128  ssd1305.o(.constdata)
    PASSWORD_EXIT                            0x08016462   Data         160  ssd1305.o(.constdata)
    ADD_USER                                 0x08016502   Data         160  ssd1305.o(.constdata)
    DEL_USER                                 0x080165a2   Data         160  ssd1305.o(.constdata)
    SYS_SET                                  0x08016642   Data         160  ssd1305.o(.constdata)
    SYS_INFO                                 0x080166e2   Data         160  ssd1305.o(.constdata)
    ADMIN                                    0x08016782   Data         128  ssd1305.o(.constdata)
    USER                                     0x08016802   Data         160  ssd1305.o(.constdata)
    USER_SE                                  0x080168a2   Data         192  ssd1305.o(.constdata)
    ADD_FINGER                               0x08016962   Data         160  ssd1305.o(.constdata)
    ADD_PASSWORD                             0x08016a02   Data         160  ssd1305.o(.constdata)
    ADD_CARD                                 0x08016aa2   Data         192  ssd1305.o(.constdata)
    DEL_FINGER                               0x08016b62   Data         160  ssd1305.o(.constdata)
    DEL_PASSWORD                             0x08016c02   Data         160  ssd1305.o(.constdata)
    DEL_CARD                                 0x08016ca2   Data         192  ssd1305.o(.constdata)
    VOICE_SET                                0x08016d62   Data         160  ssd1305.o(.constdata)
    WAN_SET                                  0x08016e02   Data         160  ssd1305.o(.constdata)
    DATA_SET                                 0x08016ea2   Data         160  ssd1305.o(.constdata)
    FACTORY_SET                              0x08016f42   Data         224  ssd1305.o(.constdata)
    VOICE_HIGH                               0x08017022   Data         128  ssd1305.o(.constdata)
    VOICE_MID                                0x080170a2   Data         128  ssd1305.o(.constdata)
    VOICE_LOW                                0x08017122   Data         128  ssd1305.o(.constdata)
    VOICE_OFF                                0x080171a2   Data          96  ssd1305.o(.constdata)
    SPE_CHART                                0x08017202   Data          32  ssd1305.o(.constdata)
    SPE_CHART_DEL                            0x08017222   Data          16  ssd1305.o(.constdata)
    company3                                 0x08017232   Data        1024  ssd1305.o(.constdata)
    CHECK_FAILED                             0x08017632   Data         128  ssd1305.o(.constdata)
    CHECK_SUCESSFUL                          0x080176b2   Data         128  ssd1305.o(.constdata)
    OPERATE_F                                0x08017732   Data         128  ssd1305.o(.constdata)
    OPERATE_S                                0x080177b2   Data         128  ssd1305.o(.constdata)
    CHECK_EXIT                               0x08017832   Data         160  ssd1305.o(.constdata)
    DEL_SUCESS                               0x080178d2   Data         128  ssd1305.o(.constdata)
    DEL_FAILE                                0x08017952   Data         128  ssd1305.o(.constdata)
    NUM_PASSWORD                             0x080179d2   Data          96  ssd1305.o(.constdata)
    NUM_FINGER                               0x08017a32   Data          96  ssd1305.o(.constdata)
    PASSWORD_LOCK                            0x08017a92   Data          96  ssd1305.o(.constdata)
    NUM_CARD                                 0x08017af2   Data          96  ssd1305.o(.constdata)
    FP_CHECK                                 0x08017b52   Data         128  ssd1305.o(.constdata)
    FP_PRESS                                 0x08017bd2   Data         128  ssd1305.o(.constdata)
    FP_COLLECT                               0x08017c52   Data         192  ssd1305.o(.constdata)
    FP_SUCESS                                0x08017d12   Data         192  ssd1305.o(.constdata)
    FP_FAILE                                 0x08017dd2   Data         192  ssd1305.o(.constdata)
    FP_EXIT                                  0x08017e92   Data         160  ssd1305.o(.constdata)
    FP_OUTTIME                               0x08017f32   Data         192  ssd1305.o(.constdata)
    FP_DEL_SUCESS                            0x08017ff2   Data         128  ssd1305.o(.constdata)
    FP_DEL_FAILE                             0x08018072   Data         192  ssd1305.o(.constdata)
    FP_DEL_NO_EXIT                           0x08018132   Data         160  ssd1305.o(.constdata)
    FP_NULL                                  0x080181d2   Data         128  ssd1305.o(.constdata)
    FP_REALSE                                0x08018252   Data         160  ssd1305.o(.constdata)
    FP_FULL                                  0x080182f2   Data         128  ssd1305.o(.constdata)
    SET_SUCESS                               0x08018372   Data         128  ssd1305.o(.constdata)
    SET_FAIL                                 0x080183f2   Data         128  ssd1305.o(.constdata)
    CONFIRM_SUCESS                           0x08018472   Data         832  ssd1305.o(.constdata)
    APP_OPEN                                 0x080187b2   Data         176  ssd1305.o(.constdata)
    FACTORY_WHETHER                          0x08018862   Data         320  ssd1305.o(.constdata)
    DATE_SHOW                                0x080189a2   Data         128  ssd1305.o(.constdata)
    DATE_LOG                                 0x08018a22   Data         640  ssd1305.o(.constdata)
    SYS_VER                                  0x08018ca2   Data         512  ssd1305.o(.constdata)
    MAC                                      0x08018ea2   Data          80  ssd1305.o(.constdata)
    BATTERY                                  0x08018ef2   Data         288  ssd1305.o(.constdata)
    BATTERY_CLASS                            0x08019012   Data          96  ssd1305.o(.constdata)
    SOURCE_USED                              0x08019072   Data         640  ssd1305.o(.constdata)
    LOG_NULL                                 0x080192f2   Data         128  ssd1305.o(.constdata)
    LOG_HEAD                                 0x08019372   Data         144  ssd1305.o(.constdata)
    LOG_STATE                                0x08019402   Data         272  ssd1305.o(.constdata)
    LOG_DATE                                 0x08019512   Data         240  ssd1305.o(.constdata)
    LOG_TIME                                 0x08019602   Data         208  ssd1305.o(.constdata)
    LOG_PERMISION                            0x080196d2   Data         192  ssd1305.o(.constdata)
    LOG_TYPE                                 0x08019792   Data         192  ssd1305.o(.constdata)
    LOG_OPER                                 0x08019852   Data         192  ssd1305.o(.constdata)
    TIME_SYS                                 0x08019912   Data         240  ssd1305.o(.constdata)
    CARD_NON_EXIT                            0x08019a02   Data         160  ssd1305.o(.constdata)
    CARD_FULL                                0x08019aa2   Data         128  ssd1305.o(.constdata)
    CARD_RIGISTER                            0x08019b22   Data         160  ssd1305.o(.constdata)
    CARD_EXIT                                0x08019bc2   Data         160  ssd1305.o(.constdata)
    CARD_ADD_SUC                             0x08019c62   Data         128  ssd1305.o(.constdata)
    CARD_NULL                                0x08019ce2   Data         128  ssd1305.o(.constdata)
    SYS_RESET                                0x08019d62   Data         240  ssd1305.o(.constdata)
    SYS_EXIT                                 0x08019e52   Data         128  ssd1305.o(.constdata)
    HOOK                                     0x08019ed2   Data          16  ssd1305.o(.constdata)
    CONFIG_WLAN                              0x08019ee2   Data         416  ssd1305.o(.constdata)
    WLAN_COUNTDOWN                           0x0801a082   Data         160  ssd1305.o(.constdata)
    WLAN_TIME_SYS                            0x0801a122   Data         256  ssd1305.o(.constdata)
    WLAN_UNLOCK_COUNTDOWN                    0x0801a222   Data         224  ssd1305.o(.constdata)
    BATTERY_UPDATE                           0x0801a302   Data         176  ssd1305.o(.constdata)
    BATTERY_WARN                             0x0801a3b2   Data         320  ssd1305.o(.constdata)
    WLAN_SUCESSFUL                           0x0801a4f2   Data         128  ssd1305.o(.constdata)
    WLAN_FAIL                                0x0801a572   Data         128  ssd1305.o(.constdata)
    WLAN_STARTUP                             0x0801a5f2   Data         176  ssd1305.o(.constdata)
    WLAN_SUCESS_F                            0x0801a6a2   Data         192  ssd1305.o(.constdata)
    WLAN_FAIL_F                              0x0801a762   Data         144  ssd1305.o(.constdata)
    HJS_COUNT                                0x0801a7f2   Data         192  ssd1305.o(.constdata)
    FACTORY_S                                0x0801a8b2   Data         128  ssd1305.o(.constdata)
    FACTORY_F                                0x0801a932   Data         128  ssd1305.o(.constdata)
    FACTORY_SEL                              0x0801a9b2   Data         304  ssd1305.o(.constdata)
    KEY_FACTORY                              0x0801aae2   Data         128  ssd1305.o(.constdata)
    WLAN_STATUE                              0x0801ab62   Data         448  ssd1305.o(.constdata)
    KEY_LOCK                                 0x0801ad22   Data         224  ssd1305.o(.constdata)
    IPHONE_RESULT                            0x0801ae02   Data         224  ssd1305.o(.constdata)
    IPHONE_NONEXISTENT                       0x0801aee2   Data         224  ssd1305.o(.constdata)
    IPHONE_OFFLINE                           0x0801afc2   Data         112  ssd1305.o(.constdata)
    IPHONE_APPOINT                           0x0801b032   Data         384  ssd1305.o(.constdata)
    IPHONE_NUM                               0x0801b1b2   Data         192  ssd1305.o(.constdata)
    LINE_D                                   0x0801b272   Data          16  ssd1305.o(.constdata)
    DOUBLE_SPOT                              0x0801b282   Data          16  ssd1305.o(.constdata)
    LINE                                     0x0801b292   Data          16  ssd1305.o(.constdata)
    __ctype_table                            0x0801b984   Data         129  ctype_o.o(.constdata)
    Region$$Table$$Base                      0x0801bae4   Number         0  anon$$obj.o(Region$$Table)
    Region$$Table$$Limit                     0x0801bb04   Number         0  anon$$obj.o(Region$$Table)
    finger_press_flag                        0x20000000   Data           1  main.o(.data)
    facteryReset                             0x20000001   Data           1  main.o(.data)
    prying_flag                              0x20000002   Data           1  main.o(.data)
    pryingUpload_flag                        0x20000003   Data           1  main.o(.data)
    alarmUploadFlag                          0x20000004   Data           1  main.o(.data)
    stopModeFlag                             0x20000005   Data           1  main.o(.data)
    factoryFlag                              0x20000006   Data           1  main.o(.data)
    usart3_rx                                0x20000007   Data           1  main.o(.data)
    usart2_rx                                0x20000008   Data           1  main.o(.data)
    usart3_rx_len                            0x2000000a   Data           2  main.o(.data)
    usart2_rx_len                            0x2000000c   Data           2  main.o(.data)
    hjsReverse                               0x20000010   Data           4  main.o(.data)
    battery_value                            0x20000014   Data           4  main.o(.data)
    battery_class                            0x20000018   Data           1  main.o(.data)
    try_count                                0x20000019   Data           1  main.o(.data)
    powerOffFlag                             0x2000001a   Data           1  main.o(.data)
    sdatestructure                           0x2000001b   Data           4  main.o(.data)
    uwTick                                   0x20000020   Data           4  stm32l4xx_hal.o(.data)
    pFlash                                   0x20000024   Data          32  stm32l4xx_hal_flash.o(.data)
    SystemCoreClock                          0x20000044   Data           4  system_stm32l4xx.o(.data)
    doorBell                                 0x20000048   Data           1  apt8l16.o(.data)
    get_cur_number                           0x20000049   Data           2  apt8l16.o(.data)
    OP_Command                               0x2000005a   Data           2  ssd1305.o(.data)
    OP_Data                                  0x2000005c   Data           2  ssd1305.o(.data)
    pI                                       0x20000060   Data           1  nfc9883.o(.data)
    pQ                                       0x20000061   Data           1  nfc9883.o(.data)
    bSak                                     0x20000062   Data           1  nfc9883.o(.data)
    bMoreCardsAvailable                      0x20000063   Data           1  nfc9883.o(.data)
    bLength                                  0x20000064   Data           1  nfc9883.o(.data)
    i                                        0x20000065   Data           1  nfc9883.o(.data)
    balReader                                0x20000066   Data           2  nfc9883.o(.data)
    status                                   0x20000068   Data           2  nfc9883.o(.data)
    pHal                                     0x2000006c   Data           4  nfc9883.o(.data)
    Rc663keyStore                            0x20000070   Data           8  nfc9883.o(.data)
    recvDataOffSet                           0x20000088   Data           4  fpcst90x.o(.data)
    key_board_flash                          0x2000008c   Data           4  flash.o(.data)
    finger_flash                             0x20000090   Data           4  flash.o(.data)
    get_cur_info                             0x20000094   Data           4  flash.o(.data)
    nfc_flash                                0x20000098   Data           4  flash.o(.data)
    log_flash                                0x2000009c   Data           4  flash.o(.data)
    wifi_flash                               0x200000a0   Data           4  flash.o(.data)
    wifi_sys_info                            0x200000a4   Data          40  wifi_8266.o(.data)
    __stdout                                 0x200000cc   Data           4  stdout.o(.data)
    __microlib_freelist                      0x200000d0   Data           4  mvars.o(.data)
    __microlib_freelist_initialised          0x200000d4   Data           4  mvars.o(.data)
    stimestructure                           0x200000dc   Data          20  main.o(.bss)
    usart3_rx_buf                            0x200000f0   Data        2048  main.o(.bss)
    usart2_rx_buf                            0x200008f0   Data        1024  main.o(.bss)
    hadc1                                    0x20000cf0   Data         100  adc.o(.bss)
    hi2c1                                    0x20000d54   Data          76  i2c.o(.bss)
    hi2c3                                    0x20000da0   Data          76  i2c.o(.bss)
    hiwdg                                    0x20000dec   Data          16  iwdg.o(.bss)
    hrtc                                     0x20000dfc   Data          36  rtc.o(.bss)
    hspi2                                    0x20000e20   Data         100  spi.o(.bss)
    htim2                                    0x20000e84   Data          64  tim.o(.bss)
    htim6                                    0x20000ec4   Data          64  tim.o(.bss)
    htim7                                    0x20000f04   Data          64  tim.o(.bss)
    huart1                                   0x20000f44   Data         120  usart.o(.bss)
    huart2                                   0x20000fbc   Data         120  usart.o(.bss)
    huart3                                   0x20001034   Data         120  usart.o(.bss)
    OLED_GRAM                                0x200010ac   Data        1024  ssd1305.o(.bss)
    OLED_GRAM_BAK                            0x200014ac   Data        1024  ssd1305.o(.bss)
    halReader                                0x200018ac   Data          92  nfc9883.o(.bss)
    I14443p3a                                0x20001908   Data          20  nfc9883.o(.bss)
    I14443p3b                                0x2000191c   Data          40  nfc9883.o(.bss)
    I14443p4                                 0x20001944   Data          20  nfc9883.o(.bss)
    palMifare                                0x20001958   Data          12  nfc9883.o(.bss)
    alMfc                                    0x20001964   Data          12  nfc9883.o(.bss)
    bUid                                     0x20001970   Data          13  nfc9883.o(.bss)
    bHalBufferReader                         0x2000197d   Data          64  nfc9883.o(.bss)
    bBufferReader                            0x200019bd   Data          96  nfc9883.o(.bss)
    usart2TxBuff                             0x20001a48   Data        1024  fpcst90x.o(.bss)
    nfc_temp                                 0x20001e48   Data          34  nfc.o(.bss)
    __heap_base                              0x20001eb0   Data           0  startup_stm32l431xx.o(HEAP)
    __heap_limit                             0x20009eb0   Data           0  startup_stm32l431xx.o(HEAP)
    __initial_sp                             0x2000beb0   Data           0  startup_stm32l431xx.o(STACK)



==============================================================================

Memory Map of the image

  Image Entry point : 0x0800018d

  Load Region LR_IROM1 (Base: 0x08000000, Size: 0x0001bbe0, Max: 0x00040000, ABSOLUTE)

    Execution Region ER_IROM1 (Base: 0x08000000, Size: 0x0001bb04, Max: 0x00040000, ABSOLUTE)

    Base Addr    Size         Type   Attr      Idx    E Section Name        Object

    0x08000000   0x0000018c   Data   RO            3    RESET               startup_stm32l431xx.o
    0x0800018c   0x00000000   Code   RO         8675  * .ARM.Collect$$$$00000000  mc_w.l(entry.o)
    0x0800018c   0x00000004   Code   RO         8997    .ARM.Collect$$$$00000001  mc_w.l(entry2.o)
    0x08000190   0x00000004   Code   RO         9000    .ARM.Collect$$$$00000004  mc_w.l(entry5.o)
    0x08000194   0x00000000   Code   RO         9002    .ARM.Collect$$$$00000008  mc_w.l(entry7b.o)
    0x08000194   0x00000000   Code   RO         9004    .ARM.Collect$$$$0000000A  mc_w.l(entry8b.o)
    0x08000194   0x00000008   Code   RO         9005    .ARM.Collect$$$$0000000B  mc_w.l(entry9a.o)
    0x0800019c   0x00000000   Code   RO         9007    .ARM.Collect$$$$0000000D  mc_w.l(entry10a.o)
    0x0800019c   0x00000000   Code   RO         9009    .ARM.Collect$$$$0000000F  mc_w.l(entry11a.o)
    0x0800019c   0x00000004   Code   RO         8998    .ARM.Collect$$$$00002712  mc_w.l(entry2.o)
    0x080001a0   0x00000024   Code   RO            4    .text               startup_stm32l431xx.o
    0x080001c4   0x00000068   Code   RO         8678    .text               mc_w.l(uldiv.o)
    0x0800022c   0x00000024   Code   RO         8680    .text               mc_w.l(memcpya.o)
    0x08000250   0x00000024   Code   RO         8682    .text               mc_w.l(memseta.o)
    0x08000274   0x00000018   Code   RO         8684    .text               mc_w.l(strcat.o)
    0x0800028c   0x00000024   Code   RO         8686    .text               mc_w.l(strstr.o)
    0x080002b0   0x0000000e   Code   RO         8688    .text               mc_w.l(strlen.o)
    0x080002be   0x0000001e   Code   RO         8692    .text               mc_w.l(strncmp.o)
    0x080002dc   0x0000001c   Code   RO         8985    .text               mc_w.l(calloc.o)
    0x080002f8   0x0000001a   Code   RO         8987    .text               mc_w.l(atoi.o)
    0x08000312   0x0000015e   Code   RO         8989    .text               mf_w.l(dadd.o)
    0x08000470   0x000000ea   Code   RO         8991    .text               mf_w.l(dmul.o)
    0x0800055a   0x0000001a   Code   RO         8993    .text               mf_w.l(dfltui.o)
    0x08000574   0x00000038   Code   RO         8995    .text               mf_w.l(d2f.o)
    0x080005ac   0x0000001e   Code   RO         9014    .text               mc_w.l(llshl.o)
    0x080005ca   0x00000020   Code   RO         9016    .text               mc_w.l(llushr.o)
    0x080005ea   0x00000024   Code   RO         9018    .text               mc_w.l(llsshr.o)
    0x0800060e   0x00000070   Code   RO         9029    .text               mc_w.l(strtol.o)
    0x0800067e   0x00000000   Code   RO         9031    .text               mc_w.l(iusefp.o)
    0x0800067e   0x0000006e   Code   RO         9032    .text               mf_w.l(fepilogue.o)
    0x080006ec   0x000000ba   Code   RO         9034    .text               mf_w.l(depilogue.o)
    0x080007a6   0x00000002   PAD
    0x080007a8   0x00000024   Code   RO         9042    .text               mc_w.l(init.o)
    0x080007cc   0x00000008   Code   RO         9044    .text               mc_w.l(ctype_o.o)
    0x080007d4   0x000000a4   Code   RO         9072    .text               mc_w.l(_strtoul.o)
    0x08000878   0x0000001c   Code   RO         9074    .text               mc_w.l(_chval.o)
    0x08000894   0x000000dc   Code   RO          869    i.ADC_ConversionStop  stm32l4xx_hal_adc.o
    0x08000970   0x00000068   Code   RO          873    i.ADC_Disable       stm32l4xx_hal_adc.o
    0x080009d8   0x00000068   Code   RO          874    i.ADC_Enable        stm32l4xx_hal_adc.o
    0x08000a40   0x00000066   Code   RO         5251    i.APT_ChipRegInit   apt8l16.o
    0x08000aa6   0x000000ca   Code   RO         5252    i.APT_ChipRegSet    apt8l16.o
    0x08000b70   0x00000004   Code   RO         5253    i.APT_Init          apt8l16.o
    0x08000b74   0x0000002a   Code   RO         5254    i.APT_KeyEnableSel  apt8l16.o
    0x08000b9e   0x00000002   PAD
    0x08000ba0   0x00000028   Code   RO         5255    i.APT_ReadChipReg   apt8l16.o
    0x08000bc8   0x00000120   Code   RO         5256    i.APT_ScanTouchKey  apt8l16.o
    0x08000ce8   0x000000b6   Code   RO         5257    i.APT_WORK_125HZ_VAL  apt8l16.o
    0x08000d9e   0x00000002   PAD
    0x08000da0   0x0000009c   Code   RO         5258    i.APT_WriteChipReg  apt8l16.o
    0x08000e3c   0x00000004   Code   RO         5359    i.All_Screen        ssd1305.o
    0x08000e40   0x00000002   Code   RO          709    i.BusFault_Handler  stm32l4xx_it.o
    0x08000e42   0x00000034   Code   RO         5360    i.Clear_Screen      ssd1305.o
    0x08000e76   0x00000002   Code   RO          710    i.DebugMon_Handler  stm32l4xx_it.o
    0x08000e78   0x00000008   Code   RO          711    i.EXTI15_10_IRQHandler  stm32l4xx_it.o
    0x08000e80   0x00000006   Code   RO          712    i.EXTI2_IRQHandler  stm32l4xx_it.o
    0x08000e86   0x00000006   Code   RO          713    i.EXTI3_IRQHandler  stm32l4xx_it.o
    0x08000e8c   0x00000006   Code   RO          714    i.EXTI4_IRQHandler  stm32l4xx_it.o
    0x08000e92   0x00000008   Code   RO          715    i.EXTI9_5_IRQHandler  stm32l4xx_it.o
    0x08000e9a   0x00000002   PAD
    0x08000e9c   0x00000054   Code   RO         4463    i.FLASH_FlushCaches  stm32l4xx_hal_flash_ex.o
    0x08000ef0   0x0000001c   Code   RO         4464    i.FLASH_MassErase   stm32l4xx_hal_flash_ex.o
    0x08000f0c   0x00000020   Code   RO         4467    i.FLASH_PageErase   stm32l4xx_hal_flash_ex.o
    0x08000f2c   0x00000018   Code   RO         4360    i.FLASH_Program_DoubleWord  stm32l4xx_hal_flash.o
    0x08000f44   0x00000024   Code   RO         4361    i.FLASH_Program_Fast  stm32l4xx_hal_flash.o
    0x08000f68   0x00000074   Code   RO         4362    i.FLASH_WaitForLastOperation  stm32l4xx_hal_flash.o
    0x08000fdc   0x0000003c   Code   RO         6039    i.GetPage           stmflash.o
    0x08001018   0x000003f2   Code   RO          876    i.HAL_ADC_ConfigChannel  stm32l4xx_hal_adc.o
    0x0800140a   0x00000004   Code   RO          882    i.HAL_ADC_GetState  stm32l4xx_hal_adc.o
    0x0800140e   0x00000006   Code   RO          883    i.HAL_ADC_GetValue  stm32l4xx_hal_adc.o
    0x08001414   0x000001ac   Code   RO          885    i.HAL_ADC_Init      stm32l4xx_hal_adc.o
    0x080015c0   0x00000044   Code   RO          369    i.HAL_ADC_MspInit   adc.o
    0x08001604   0x000000a8   Code   RO          889    i.HAL_ADC_PollForConversion  stm32l4xx_hal_adc.o
    0x080016ac   0x00000088   Code   RO          891    i.HAL_ADC_Start     stm32l4xx_hal_adc.o
    0x08001734   0x0000003e   Code   RO          894    i.HAL_ADC_Stop      stm32l4xx_hal_adc.o
    0x08001772   0x0000004e   Code   RO         4631    i.HAL_DMA_Abort_IT  stm32l4xx_hal_dma.o
    0x080017c0   0x000000e6   Code   RO         4468    i.HAL_FLASHEx_Erase  stm32l4xx_hal_flash_ex.o
    0x080018a6   0x00000002   PAD
    0x080018a8   0x00000014   Code   RO         4366    i.HAL_FLASH_Lock    stm32l4xx_hal_flash.o
    0x080018bc   0x000000aa   Code   RO         4371    i.HAL_FLASH_Program  stm32l4xx_hal_flash.o
    0x08001966   0x00000002   PAD
    0x08001968   0x00000028   Code   RO         4373    i.HAL_FLASH_Unlock  stm32l4xx_hal_flash.o
    0x08001990   0x00000122   Code   RO         4563    i.HAL_GPIO_DeInit   stm32l4xx_hal_gpio.o
    0x08001ab2   0x00000002   PAD
    0x08001ab4   0x000002c0   Code   RO           13    i.HAL_GPIO_EXTI_Callback  main.o
    0x08001d74   0x00000018   Code   RO         4565    i.HAL_GPIO_EXTI_IRQHandler  stm32l4xx_hal_gpio.o
    0x08001d8c   0x0000018e   Code   RO         4566    i.HAL_GPIO_Init     stm32l4xx_hal_gpio.o
    0x08001f1a   0x0000000a   Code   RO         4568    i.HAL_GPIO_ReadPin  stm32l4xx_hal_gpio.o
    0x08001f24   0x0000000a   Code   RO         4570    i.HAL_GPIO_WritePin  stm32l4xx_hal_gpio.o
    0x08001f2e   0x00000002   PAD
    0x08001f30   0x0000000c   Code   RO         3876    i.HAL_GetTick       stm32l4xx_hal.o
    0x08001f3c   0x00000056   Code   RO         1733    i.HAL_I2CEx_ConfigAnalogFilter  stm32l4xx_hal_i2c_ex.o
    0x08001f92   0x00000052   Code   RO         1734    i.HAL_I2CEx_ConfigDigitalFilter  stm32l4xx_hal_i2c_ex.o
    0x08001fe4   0x00000028   Code   RO         1737    i.HAL_I2CEx_EnableFastModePlus  stm32l4xx_hal_i2c_ex.o
    0x0800200c   0x000000b8   Code   RO         1287    i.HAL_I2C_Init      stm32l4xx_hal_i2c.o
    0x080020c4   0x0000012a   Code   RO         1300    i.HAL_I2C_Master_Transmit  stm32l4xx_hal_i2c.o
    0x080021ee   0x00000002   PAD
    0x080021f0   0x0000016a   Code   RO         1305    i.HAL_I2C_Mem_Read  stm32l4xx_hal_i2c.o
    0x0800235a   0x00000002   PAD
    0x0800235c   0x0000015e   Code   RO         1308    i.HAL_I2C_Mem_Write  stm32l4xx_hal_i2c.o
    0x080024ba   0x00000002   PAD
    0x080024bc   0x00000044   Code   RO          410    i.HAL_I2C_MspDeInit  i2c.o
    0x08002500   0x00000078   Code   RO          411    i.HAL_I2C_MspInit   i2c.o
    0x08002578   0x0000005e   Code   RO         1787    i.HAL_IWDG_Init     stm32l4xx_hal_iwdg.o
    0x080025d6   0x0000000c   Code   RO         1788    i.HAL_IWDG_Refresh  stm32l4xx_hal_iwdg.o
    0x080025e2   0x00000002   PAD
    0x080025e4   0x00000010   Code   RO         3880    i.HAL_IncTick       stm32l4xx_hal.o
    0x080025f4   0x0000001e   Code   RO         3881    i.HAL_Init          stm32l4xx_hal.o
    0x08002612   0x00000002   PAD
    0x08002614   0x00000030   Code   RO         3882    i.HAL_InitTick      stm32l4xx_hal.o
    0x08002644   0x00000080   Code   RO          845    i.HAL_MspInit       stm32l4xx_hal_msp.o
    0x080026c4   0x00000016   Code   RO         5046    i.HAL_NVIC_DisableIRQ  stm32l4xx_hal_cortex.o
    0x080026da   0x00000016   Code   RO         5047    i.HAL_NVIC_EnableIRQ  stm32l4xx_hal_cortex.o
    0x080026f0   0x00000040   Code   RO         5053    i.HAL_NVIC_SetPriority  stm32l4xx_hal_cortex.o
    0x08002730   0x00000024   Code   RO         5054    i.HAL_NVIC_SetPriorityGrouping  stm32l4xx_hal_cortex.o
    0x08002754   0x00000068   Code   RO         4857    i.HAL_PWREx_ControlVoltageScaling  stm32l4xx_hal_pwr_ex.o
    0x080027bc   0x00000038   Code   RO         4879    i.HAL_PWREx_EnterSTOP2Mode  stm32l4xx_hal_pwr_ex.o
    0x080027f4   0x00000010   Code   RO         4880    i.HAL_PWREx_GetVoltageRange  stm32l4xx_hal_pwr_ex.o
    0x08002804   0x00000010   Code   RO         4749    i.HAL_PWR_EnableBkUpAccess  stm32l4xx_hal_pwr.o
    0x08002814   0x00000010   Code   RO         4198    i.HAL_RCCEx_EnableMSIPLLMode  stm32l4xx_hal_rcc_ex.o
    0x08002824   0x000002ba   Code   RO         4204    i.HAL_RCCEx_PeriphCLKConfig  stm32l4xx_hal_rcc_ex.o
    0x08002ade   0x00000002   PAD
    0x08002ae0   0x00000118   Code   RO         4082    i.HAL_RCC_ClockConfig  stm32l4xx_hal_rcc.o
    0x08002bf8   0x00000040   Code   RO         4085    i.HAL_RCC_GetClockConfig  stm32l4xx_hal_rcc.o
    0x08002c38   0x0000000c   Code   RO         4086    i.HAL_RCC_GetHCLKFreq  stm32l4xx_hal_rcc.o
    0x08002c44   0x000000e4   Code   RO         4087    i.HAL_RCC_GetOscConfig  stm32l4xx_hal_rcc.o
    0x08002d28   0x00000024   Code   RO         4088    i.HAL_RCC_GetPCLK1Freq  stm32l4xx_hal_rcc.o
    0x08002d4c   0x00000024   Code   RO         4089    i.HAL_RCC_GetPCLK2Freq  stm32l4xx_hal_rcc.o
    0x08002d70   0x000000a4   Code   RO         4090    i.HAL_RCC_GetSysClockFreq  stm32l4xx_hal_rcc.o
    0x08002e14   0x000004b8   Code   RO         4093    i.HAL_RCC_OscConfig  stm32l4xx_hal_rcc.o
    0x080032cc   0x00000044   Code   RO         1822    i.HAL_RTC_GetDate   stm32l4xx_hal_rtc.o
    0x08003310   0x00000054   Code   RO         1824    i.HAL_RTC_GetTime   stm32l4xx_hal_rtc.o
    0x08003364   0x000000c0   Code   RO         1825    i.HAL_RTC_Init      stm32l4xx_hal_rtc.o
    0x08003424   0x00000020   Code   RO          500    i.HAL_RTC_MspInit   rtc.o
    0x08003444   0x000001aa   Code   RO         1830    i.HAL_RTC_SetAlarm_IT  stm32l4xx_hal_rtc.o
    0x080035ee   0x00000002   PAD
    0x080035f0   0x000000d0   Code   RO         1831    i.HAL_RTC_SetDate   stm32l4xx_hal_rtc.o
    0x080036c0   0x00000100   Code   RO         1832    i.HAL_RTC_SetTime   stm32l4xx_hal_rtc.o
    0x080037c0   0x00000036   Code   RO         1833    i.HAL_RTC_WaitForSynchro  stm32l4xx_hal_rtc.o
    0x080037f6   0x000000ac   Code   RO         2205    i.HAL_SPI_Init      stm32l4xx_hal_spi.o
    0x080038a2   0x00000002   PAD
    0x080038a4   0x0000002c   Code   RO          547    i.HAL_SPI_MspDeInit  spi.o
    0x080038d0   0x0000004c   Code   RO          548    i.HAL_SPI_MspInit   spi.o
    0x0800391c   0x00000268   Code   RO         2214    i.HAL_SPI_TransmitReceive  stm32l4xx_hal_spi.o
    0x08003b84   0x00000018   Code   RO         5056    i.HAL_SYSTICK_CLKSourceConfig  stm32l4xx_hal_cortex.o
    0x08003b9c   0x00000002   Code   RO         5057    i.HAL_SYSTICK_Callback  stm32l4xx_hal_cortex.o
    0x08003b9e   0x00000028   Code   RO         5058    i.HAL_SYSTICK_Config  stm32l4xx_hal_cortex.o
    0x08003bc6   0x00000008   Code   RO         5059    i.HAL_SYSTICK_IRQHandler  stm32l4xx_hal_cortex.o
    0x08003bce   0x00000002   Code   RO         3186    i.HAL_TIMEx_Break2Callback  stm32l4xx_hal_tim_ex.o
    0x08003bd0   0x00000002   Code   RO         3187    i.HAL_TIMEx_BreakCallback  stm32l4xx_hal_tim_ex.o
    0x08003bd2   0x00000002   Code   RO         3188    i.HAL_TIMEx_CommutationCallback  stm32l4xx_hal_tim_ex.o
    0x08003bd4   0x00000058   Code   RO         3206    i.HAL_TIMEx_MasterConfigSynchronization  stm32l4xx_hal_tim_ex.o
    0x08003c2c   0x00000036   Code   RO         2547    i.HAL_TIM_Base_Init  stm32l4xx_hal_tim.o
    0x08003c62   0x00000002   PAD
    0x08003c64   0x00000088   Code   RO          590    i.HAL_TIM_Base_MspInit  tim.o
    0x08003cec   0x00000030   Code   RO         2552    i.HAL_TIM_Base_Start_IT  stm32l4xx_hal_tim.o
    0x08003d1c   0x0000002a   Code   RO         2555    i.HAL_TIM_Base_Stop_IT  stm32l4xx_hal_tim.o
    0x08003d46   0x00000002   PAD
    0x08003d48   0x000000ec   Code   RO         2556    i.HAL_TIM_ConfigClockSource  stm32l4xx_hal_tim.o
    0x08003e34   0x00000002   Code   RO         2576    i.HAL_TIM_IC_CaptureCallback  stm32l4xx_hal_tim.o
    0x08003e36   0x00000184   Code   RO         2589    i.HAL_TIM_IRQHandler  stm32l4xx_hal_tim.o
    0x08003fba   0x00000002   Code   RO         2592    i.HAL_TIM_OC_DelayElapsedCallback  stm32l4xx_hal_tim.o
    0x08003fbc   0x00000002   Code   RO         2619    i.HAL_TIM_PWM_PulseFinishedCallback  stm32l4xx_hal_tim.o
    0x08003fbe   0x00000002   PAD
    0x08003fc0   0x000000bc   Code   RO           14    i.HAL_TIM_PeriodElapsedCallback  main.o
    0x0800407c   0x00000002   Code   RO         2630    i.HAL_TIM_TriggerCallback  stm32l4xx_hal_tim.o
    0x0800407e   0x00000002   Code   RO         3806    i.HAL_UARTEx_WakeupCallback  stm32l4xx_hal_uart_ex.o
    0x08004080   0x00000002   Code   RO         3465    i.HAL_UART_ErrorCallback  stm32l4xx_hal_uart.o
    0x08004082   0x0000000a   Code   RO         3467    i.HAL_UART_GetState  stm32l4xx_hal_uart.o
    0x0800408c   0x00000144   Code   RO         3468    i.HAL_UART_IRQHandler  stm32l4xx_hal_uart.o
    0x080041d0   0x0000006a   Code   RO         3469    i.HAL_UART_Init     stm32l4xx_hal_uart.o
    0x0800423a   0x00000002   PAD
    0x0800423c   0x00000078   Code   RO          649    i.HAL_UART_MspDeInit  usart.o
    0x080042b4   0x000000e8   Code   RO          650    i.HAL_UART_MspInit  usart.o
    0x0800439c   0x000000ac   Code   RO         3474    i.HAL_UART_Receive_IT  stm32l4xx_hal_uart.o
    0x08004448   0x00000054   Code   RO           15    i.HAL_UART_RxCpltCallback  main.o
    0x0800449c   0x000000b0   Code   RO         3477    i.HAL_UART_Transmit  stm32l4xx_hal_uart.o
    0x0800454c   0x00000002   Code   RO         3480    i.HAL_UART_TxCpltCallback  stm32l4xx_hal_uart.o
    0x0800454e   0x00000002   Code   RO          716    i.HardFault_Handler  stm32l4xx_it.o
    0x08004550   0x00000022   Code   RO         1334    i.I2C_Flush_TXDR    stm32l4xx_hal_i2c.o
    0x08004572   0x00000002   PAD
    0x08004574   0x00000084   Code   RO         1342    i.I2C_IsAcknowledgeFailed  stm32l4xx_hal_i2c.o
    0x080045f8   0x00000064   Code   RO         1345    i.I2C_RequestMemoryRead  stm32l4xx_hal_i2c.o
    0x0800465c   0x00000064   Code   RO         1346    i.I2C_RequestMemoryWrite  stm32l4xx_hal_i2c.o
    0x080046c0   0x0000002c   Code   RO         1349    i.I2C_TransferConfig  stm32l4xx_hal_i2c.o
    0x080046ec   0x00000058   Code   RO         1350    i.I2C_WaitOnFlagUntilTimeout  stm32l4xx_hal_i2c.o
    0x08004744   0x0000004c   Code   RO         1352    i.I2C_WaitOnSTOPFlagUntilTimeout  stm32l4xx_hal_i2c.o
    0x08004790   0x00000050   Code   RO         1353    i.I2C_WaitOnTXISFlagUntilTimeout  stm32l4xx_hal_i2c.o
    0x080047e0   0x0000000c   Code   RO          898    i.LL_ADC_GetOffsetChannel  stm32l4xx_hal_adc.o
    0x080047ec   0x00000008   Code   RO          899    i.LL_ADC_INJ_IsConversionOngoing  stm32l4xx_hal_adc.o
    0x080047f4   0x00000008   Code   RO          900    i.LL_ADC_REG_IsConversionOngoing  stm32l4xx_hal_adc.o
    0x080047fc   0x00000010   Code   RO          901    i.LL_ADC_REG_IsTriggerSourceSWStart  stm32l4xx_hal_adc.o
    0x0800480c   0x0000001e   Code   RO          903    i.LL_ADC_SetChannelSamplingTime  stm32l4xx_hal_adc.o
    0x0800482a   0x00000010   Code   RO          904    i.LL_ADC_SetOffsetState  stm32l4xx_hal_adc.o
    0x0800483a   0x00000002   PAD
    0x0800483c   0x00000044   Code   RO         6124    i.LOCK              hsj08.o
    0x08004880   0x00000088   Code   RO          370    i.MX_ADC1_Init      adc.o
    0x08004908   0x000001f2   Code   RO          344    i.MX_GPIO_Init      gpio.o
    0x08004afa   0x00000002   PAD
    0x08004afc   0x00000078   Code   RO          412    i.MX_I2C1_Init      i2c.o
    0x08004b74   0x00000078   Code   RO          413    i.MX_I2C3_Init      i2c.o
    0x08004bec   0x00000048   Code   RO          458    i.MX_IWDG_Init      iwdg.o
    0x08004c34   0x0000009c   Code   RO          501    i.MX_RTC_Init       rtc.o
    0x08004cd0   0x00000064   Code   RO          549    i.MX_SPI2_Init      spi.o
    0x08004d34   0x00000078   Code   RO          591    i.MX_TIM2_Init      tim.o
    0x08004dac   0x0000005c   Code   RO          592    i.MX_TIM6_Init      tim.o
    0x08004e08   0x0000005c   Code   RO          593    i.MX_TIM7_Init      tim.o
    0x08004e64   0x00000050   Code   RO          651    i.MX_USART1_UART_Init  usart.o
    0x08004eb4   0x00000050   Code   RO          652    i.MX_USART2_UART_Init  usart.o
    0x08004f04   0x00000050   Code   RO          653    i.MX_USART3_UART_Init  usart.o
    0x08004f54   0x0000001e   Code   RO         6493    i.MakePackageHead   fpcst90x.o
    0x08004f72   0x00000002   Code   RO          717    i.MemManage_Handler  stm32l4xx_it.o
    0x08004f74   0x00000002   Code   RO          718    i.NMI_Handler       stm32l4xx_it.o
    0x08004f76   0x00000020   Code   RO         5060    i.NVIC_SetPriority  stm32l4xx_hal_cortex.o
    0x08004f96   0x00000002   Code   RO          719    i.PendSV_Handler    stm32l4xx_it.o
    0x08004f98   0x0000012c   Code   RO         4208    i.RCCEx_PLLSAI1_Config  stm32l4xx_hal_rcc_ex.o
    0x080050c4   0x0000007c   Code   RO         4094    i.RCC_SetFlashLatencyFromMSIRange  stm32l4xx_hal_rcc.o
    0x08005140   0x000000a8   Code   RO          502    i.RTC_Alarm_Set     rtc.o
    0x080051e8   0x00000012   Code   RO         1834    i.RTC_Bcd2ToByte    stm32l4xx_hal_rtc.o
    0x080051fa   0x00000018   Code   RO         1835    i.RTC_ByteToBcd2    stm32l4xx_hal_rtc.o
    0x08005212   0x00000002   PAD
    0x08005214   0x0000003a   Code   RO         1836    i.RTC_EnterInitMode  stm32l4xx_hal_rtc.o
    0x0800524e   0x00000002   PAD
    0x08005250   0x00000038   Code   RO         8129    i.RegCtl_SpiHwGetReg  nfc9883.lib(regctl_spihw.o)
    0x08005288   0x00000002   Code   RO         8130    i.RegCtl_SpiHwInit  nfc9883.lib(regctl_spihw.o)
    0x0800528a   0x00000002   PAD
    0x0800528c   0x00000034   Code   RO         8131    i.RegCtl_SpiHwSetReg  nfc9883.lib(regctl_spihw.o)
    0x080052c0   0x00000034   Code   RO         5361    i.Reset_IC          ssd1305.o
    0x080052f4   0x00000040   Code   RO         8132    i.Reset_RC663_device  nfc9883.lib(regctl_spihw.o)
    0x08005334   0x00000098   Code   RO         8134    i.SPIWriteByte      nfc9883.lib(regctl_spihw.o)
    0x080053cc   0x00000048   Code   RO         2243    i.SPI_EndRxTxTransaction  stm32l4xx_hal_spi.o
    0x08005414   0x00000096   Code   RO         2248    i.SPI_WaitFifoStateUntilTimeout  stm32l4xx_hal_spi.o
    0x080054aa   0x00000094   Code   RO         2249    i.SPI_WaitFlagStateUntilTimeout  stm32l4xx_hal_spi.o
    0x0800553e   0x00000002   Code   RO          720    i.SVC_Handler       stm32l4xx_it.o
    0x08005540   0x000002bc   Code   RO         6202    i.SYSCLKConfig_STOP  menu.o
    0x080057fc   0x0000000e   Code   RO          721    i.SysTick_Handler   stm32l4xx_it.o
    0x0800580a   0x00000002   PAD
    0x0800580c   0x000000bc   Code   RO           16    i.SystemClock_Config  main.o
    0x080058c8   0x00000044   Code   RO         5178    i.SystemInit        system_stm32l4xx.o
    0x0800590c   0x0000000c   Code   RO          722    i.TIM2_IRQHandler   stm32l4xx_it.o
    0x08005918   0x0000000c   Code   RO          723    i.TIM6_DAC_IRQHandler  stm32l4xx_it.o
    0x08005924   0x0000000c   Code   RO          724    i.TIM7_IRQHandler   stm32l4xx_it.o
    0x08005930   0x0000006c   Code   RO         2631    i.TIM_Base_SetConfig  stm32l4xx_hal_tim.o
    0x0800599c   0x00000014   Code   RO         2638    i.TIM_ETR_SetConfig  stm32l4xx_hal_tim.o
    0x080059b0   0x00000010   Code   RO         2639    i.TIM_ITRx_SetConfig  stm32l4xx_hal_tim.o
    0x080059c0   0x00000022   Code   RO         2647    i.TIM_TI1_ConfigInputStage  stm32l4xx_hal_tim.o
    0x080059e2   0x00000024   Code   RO         2649    i.TIM_TI2_ConfigInputStage  stm32l4xx_hal_tim.o
    0x08005a06   0x00000002   PAD
    0x08005a08   0x00000018   Code   RO          594    i.Tim2_Start        tim.o
    0x08005a20   0x000000c8   Code   RO         3482    i.UART_AdvFeatureConfig  stm32l4xx_hal_uart.o
    0x08005ae8   0x0000005c   Code   RO         3483    i.UART_CheckIdleState  stm32l4xx_hal_uart.o
    0x08005b44   0x00000014   Code   RO         3484    i.UART_DMAAbortOnError  stm32l4xx_hal_uart.o
    0x08005b58   0x00000020   Code   RO         3494    i.UART_EndRxTransfer  stm32l4xx_hal_uart.o
    0x08005b78   0x0000005c   Code   RO         3496    i.UART_RxISR_16BIT  stm32l4xx_hal_uart.o
    0x08005bd4   0x0000005a   Code   RO         3497    i.UART_RxISR_8BIT   stm32l4xx_hal_uart.o
    0x08005c2e   0x00000002   PAD
    0x08005c30   0x00000254   Code   RO         3498    i.UART_SetConfig    stm32l4xx_hal_uart.o
    0x08005e84   0x00000064   Code   RO         3501    i.UART_WaitOnFlagUntilTimeout  stm32l4xx_hal_uart.o
    0x08005ee8   0x00000044   Code   RO         6125    i.UNLOCK            hsj08.o
    0x08005f2c   0x00000044   Code   RO          725    i.USART2_IRQHandler  stm32l4xx_it.o
    0x08005f70   0x00000044   Code   RO          726    i.USART3_IRQHandler  stm32l4xx_it.o
    0x08005fb4   0x00000002   Code   RO          727    i.UsageFault_Handler  stm32l4xx_it.o
    0x08005fb6   0x00000002   PAD
    0x08005fb8   0x0000008c   Code   RO         6203    i.UsartConfig_STOP  menu.o
    0x08006044   0x00000024   Code   RO         5362    i.Write_Command     ssd1305.o
    0x08006068   0x00000024   Code   RO         5363    i.Write_Data        ssd1305.o
    0x0800608c   0x00000002   Code   RO           17    i._Error_Handler    main.o
    0x0800608e   0x00000002   PAD
    0x08006090   0x0000003c   Code   RO         8135    i._SSP0_GetReg      nfc9883.lib(regctl_spihw.o)
    0x080060cc   0x00000038   Code   RO         8136    i._SSP0_SetReg      nfc9883.lib(regctl_spihw.o)
    0x08006104   0x00000020   Code   RO         8903    i.__0printf$8       mc_w.l(printf8.o)
    0x08006124   0x00000028   Code   RO         8905    i.__0sprintf$8      mc_w.l(printf8.o)
    0x0800614c   0x00000008   Code   RO         9022    i.__aeabi_errno_addr  mc_w.l(errno.o)
    0x08006154   0x0000000e   Code   RO         9078    i.__scatterload_copy  mc_w.l(handlers.o)
    0x08006162   0x00000002   Code   RO         9079    i.__scatterload_null  mc_w.l(handlers.o)
    0x08006164   0x0000000e   Code   RO         9080    i.__scatterload_zeroinit  mc_w.l(handlers.o)
    0x08006172   0x00000002   PAD
    0x08006174   0x00000416   Code   RO         8910    i._printf_core      mc_w.l(printf8.o)
    0x0800658a   0x00000024   Code   RO         8911    i._printf_post_padding  mc_w.l(printf8.o)
    0x080065ae   0x0000002e   Code   RO         8912    i._printf_pre_padding  mc_w.l(printf8.o)
    0x080065dc   0x0000000a   Code   RO         8914    i._sputc            mc_w.l(printf8.o)
    0x080065e6   0x0000002c   Code   RO         6494    i.caculator_hex_sum  fpcst90x.o
    0x08006612   0x00000002   PAD
    0x08006614   0x000003b6   Code   RO         6204    i.card_login        menu.o
    0x080069ca   0x00000022   Code   RO         6495    i.checkout_sum_tool  fpcst90x.o
    0x080069ec   0x000000d4   Code   RO         6302    i.cloud_status_upload  user_operator.o
    0x08006ac0   0x00000272   Code   RO         6163    i.detect_card       nfc9883.o
    0x08006d32   0x00000002   PAD
    0x08006d34   0x00000024   Code   RO         5364    i.display_battery_update  ssd1305.o
    0x08006d58   0x0000005c   Code   RO         5365    i.display_battery_warn  ssd1305.o
    0x08006db4   0x00000038   Code   RO         5367    i.display_card_exit  ssd1305.o
    0x08006dec   0x00000038   Code   RO         5368    i.display_card_full  ssd1305.o
    0x08006e24   0x00000038   Code   RO         5369    i.display_card_non_exit  ssd1305.o
    0x08006e5c   0x00000038   Code   RO         5370    i.display_card_null  ssd1305.o
    0x08006e94   0x00000038   Code   RO         5371    i.display_card_rigister  ssd1305.o
    0x08006ecc   0x00000034   Code   RO         5373    i.display_check_failed  ssd1305.o
    0x08006f00   0x0000018a   Code   RO         5374    i.display_check_sucessful  ssd1305.o
    0x0800708a   0x00000002   PAD
    0x0800708c   0x00000034   Code   RO         5375    i.display_company_name  ssd1305.o
    0x080070c0   0x0000022e   Code   RO         5376    i.display_confirm   ssd1305.o
    0x080072ee   0x00000002   PAD
    0x080072f0   0x00000206   Code   RO         5379    i.display_date_set  ssd1305.o
    0x080074f6   0x00000002   PAD
    0x080074f8   0x0000007a   Code   RO         5380    i.display_date_update  ssd1305.o
    0x08007572   0x00000002   PAD
    0x08007574   0x0000017a   Code   RO         5381    i.display_date_ymd  ssd1305.o
    0x080076ee   0x00000002   PAD
    0x080076f0   0x00000034   Code   RO         5382    i.display_del_failed  ssd1305.o
    0x08007724   0x00000034   Code   RO         5383    i.display_del_sucessful  ssd1305.o
    0x08007758   0x00000038   Code   RO         5384    i.display_factory_fail  ssd1305.o
    0x08007790   0x0000013e   Code   RO         5385    i.display_factory_hjs_number  ssd1305.o
    0x080078ce   0x00000002   PAD
    0x080078d0   0x000000cc   Code   RO         5386    i.display_factory_sel  ssd1305.o
    0x0800799c   0x00000038   Code   RO         5387    i.display_factory_success  ssd1305.o
    0x080079d4   0x00000034   Code   RO         5388    i.display_finger_check_fail  ssd1305.o
    0x08007a08   0x00000034   Code   RO         5390    i.display_finger_del_fail  ssd1305.o
    0x08007a3c   0x00000034   Code   RO         5391    i.display_finger_del_sucess  ssd1305.o
    0x08007a70   0x00000034   Code   RO         5392    i.display_finger_exit  ssd1305.o
    0x08007aa4   0x00000034   Code   RO         5393    i.display_finger_fail  ssd1305.o
    0x08007ad8   0x00000034   Code   RO         5394    i.display_finger_full  ssd1305.o
    0x08007b0c   0x00000034   Code   RO         5396    i.display_finger_null  ssd1305.o
    0x08007b40   0x00000034   Code   RO         5398    i.display_finger_press  ssd1305.o
    0x08007b74   0x00000034   Code   RO         5399    i.display_finger_realse  ssd1305.o
    0x08007ba8   0x000000c8   Code   RO         5401    i.display_iphone_appoint  ssd1305.o
    0x08007c70   0x00000038   Code   RO         5402    i.display_iphone_nonexistent  ssd1305.o
    0x08007ca8   0x00000038   Code   RO         5403    i.display_iphone_num  ssd1305.o
    0x08007ce0   0x00000030   Code   RO         5404    i.display_iphone_number  ssd1305.o
    0x08007d10   0x0000005c   Code   RO         5405    i.display_iphone_offline  ssd1305.o
    0x08007d6c   0x00000038   Code   RO         5406    i.display_iphone_result  ssd1305.o
    0x08007da4   0x00000120   Code   RO         5407    i.display_keyboard_count  ssd1305.o
    0x08007ec4   0x00000128   Code   RO         5408    i.display_mainmenu  ssd1305.o
    0x08007fec   0x000000c8   Code   RO         6205    i.display_menu      menu.o
    0x080080b4   0x00000030   Code   RO         5409    i.display_number    ssd1305.o
    0x080080e4   0x0000004c   Code   RO         5410    i.display_number_all  ssd1305.o
    0x08008130   0x0000017e   Code   RO         5411    i.display_number_card  ssd1305.o
    0x080082ae   0x00000002   PAD
    0x080082b0   0x00000126   Code   RO         5412    i.display_number_card_const  ssd1305.o
    0x080083d6   0x00000002   PAD
    0x080083d8   0x00000028   Code   RO         5413    i.display_number_del  ssd1305.o
    0x08008400   0x00000196   Code   RO         5414    i.display_number_finger  ssd1305.o
    0x08008596   0x00000002   PAD
    0x08008598   0x000001fa   Code   RO         5415    i.display_number_finger_const  ssd1305.o
    0x08008792   0x00000002   PAD
    0x08008794   0x00000122   Code   RO         5416    i.display_number_password  ssd1305.o
    0x080088b6   0x00000002   PAD
    0x080088b8   0x00000122   Code   RO         5417    i.display_number_password_const  ssd1305.o
    0x080089da   0x00000002   PAD
    0x080089dc   0x00000054   Code   RO         5418    i.display_one_word  ssd1305.o
    0x08008a30   0x00000058   Code   RO         5419    i.display_one_word_const  ssd1305.o
    0x08008a88   0x00000034   Code   RO         5420    i.display_operate_fail  ssd1305.o
    0x08008abc   0x00000064   Code   RO         5421    i.display_operate_sucessful  ssd1305.o
    0x08008b20   0x00000034   Code   RO         5422    i.display_passwod_admin  ssd1305.o
    0x08008b54   0x00000034   Code   RO         5423    i.display_passwod_exit  ssd1305.o
    0x08008b88   0x00000034   Code   RO         5424    i.display_passwod_null  ssd1305.o
    0x08008bbc   0x00000038   Code   RO         5425    i.display_passwod_put  ssd1305.o
    0x08008bf4   0x000000d0   Code   RO         5426    i.display_passwod_warn  ssd1305.o
    0x08008cc4   0x000000a0   Code   RO         5427    i.display_passwod_warn_again  ssd1305.o
    0x08008d64   0x00000034   Code   RO         5428    i.display_password_full  ssd1305.o
    0x08008d98   0x00000034   Code   RO         5430    i.display_set_sucess  ssd1305.o
    0x08008dcc   0x00000038   Code   RO         5431    i.display_spe_char  ssd1305.o
    0x08008e04   0x00000090   Code   RO         5432    i.display_spe_char_del  ssd1305.o
    0x08008e94   0x0000004c   Code   RO         5433    i.display_spe_char_factory  ssd1305.o
    0x08008ee0   0x000000e4   Code   RO         5434    i.display_submenu_add  ssd1305.o
    0x08008fc4   0x000000ec   Code   RO         5435    i.display_submenu_del  ssd1305.o
    0x080090b0   0x00000128   Code   RO         5436    i.display_submenu_sys  ssd1305.o
    0x080091d8   0x000000ec   Code   RO         5437    i.display_subsubmenu_add  ssd1305.o
    0x080092c4   0x00000128   Code   RO         5438    i.display_subsubmenu_sys  ssd1305.o
    0x080093ec   0x00000094   Code   RO         5439    i.display_sys_battery_info  ssd1305.o
    0x08009480   0x00000038   Code   RO         5440    i.display_sys_config_fail  ssd1305.o
    0x080094b8   0x00000038   Code   RO         5441    i.display_sys_config_sucessful  ssd1305.o
    0x080094f0   0x00000128   Code   RO         5442    i.display_sys_config_wlan  ssd1305.o
    0x08009618   0x0000008c   Code   RO         5443    i.display_sys_config_wlan_countdown  ssd1305.o
    0x080096a4   0x00000038   Code   RO         5444    i.display_sys_exit  ssd1305.o
    0x080096dc   0x000001e8   Code   RO         5445    i.display_sys_host_info  ssd1305.o
    0x080098c4   0x00000124   Code   RO         5446    i.display_sys_info_menu  ssd1305.o
    0x080099e8   0x0000054a   Code   RO         5447    i.display_sys_log_menu  ssd1305.o
    0x08009f32   0x00000002   PAD
    0x08009f34   0x00000034   Code   RO         5448    i.display_sys_log_null  ssd1305.o
    0x08009f68   0x0000005c   Code   RO         5449    i.display_sys_reset  ssd1305.o
    0x08009fc4   0x0000042e   Code   RO         5450    i.display_sys_source_info  ssd1305.o
    0x0800a3f2   0x00000002   PAD
    0x0800a3f4   0x0000008c   Code   RO         5452    i.display_sys_unlock_wlan_countdown  ssd1305.o
    0x0800a480   0x000000b0   Code   RO         5453    i.display_whether_factory  ssd1305.o
    0x0800a530   0x00000060   Code   RO         5454    i.display_wifi_factory_fail  ssd1305.o
    0x0800a590   0x00000060   Code   RO         5455    i.display_wifi_factory_sucess  ssd1305.o
    0x0800a5f0   0x00000080   Code   RO         5457    i.display_wifi_wait  ssd1305.o
    0x0800a670   0x00000022   Code   RO         6721    i.double_point_parse  wifi_8266.o
    0x0800a692   0x00000002   PAD
    0x0800a694   0x0000010c   Code   RO         6639    i.factory_reset     flash.o
    0x0800a7a0   0x0000048e   Code   RO         6206    i.factory_test      menu.o
    0x0800ac2e   0x00000002   PAD
    0x0800ac30   0x0000048a   Code   RO         6207    i.finger_login      menu.o
    0x0800b0ba   0x00000002   PAD
    0x0800b0bc   0x0000004c   Code   RO         6640    i.flash_exit        flash.o
    0x0800b108   0x00000412   Code   RO         6641    i.flash_init        flash.o
    0x0800b51a   0x00000002   PAD
    0x0800b51c   0x00000646   Code   RO         6496    i.fp_add            fpcst90x.o
    0x0800bb62   0x00000002   PAD
    0x0800bb64   0x0000024e   Code   RO         6497    i.fp_delete         fpcst90x.o
    0x0800bdb2   0x0000006c   Code   RO         6499    i.fp_led_config     fpcst90x.o
    0x0800be1e   0x00000070   Code   RO         6500    i.fp_led_green      fpcst90x.o
    0x0800be8e   0x00000070   Code   RO         6501    i.fp_led_red        fpcst90x.o
    0x0800befe   0x0000003c   Code   RO         6502    i.fp_led_shutdown   fpcst90x.o
    0x0800bf3a   0x00000072   Code   RO         6503    i.fp_led_white      fpcst90x.o
    0x0800bfac   0x0000008e   Code   RO         6504    i.fp_pakge_recv_parse  fpcst90x.o
    0x0800c03a   0x00000002   PAD
    0x0800c03c   0x00000044   Code   RO         6505    i.fp_power_off      fpcst90x.o
    0x0800c080   0x0000012c   Code   RO         6506    i.fp_power_on       fpcst90x.o
    0x0800c1ac   0x0000002c   Code   RO         6507    i.fp_recev_buff_clear  fpcst90x.o
    0x0800c1d8   0x00000088   Code   RO         6508    i.fp_sleep          fpcst90x.o
    0x0800c260   0x00000012   Code   RO         6509    i.fp_str_copy       fpcst90x.o
    0x0800c272   0x00000054   Code   RO         6510    i.fp_tarns_recv_command  fpcst90x.o
    0x0800c2c6   0x00000002   PAD
    0x0800c2c8   0x0000001c   Code   RO         6511    i.fp_trans_buff_clear  fpcst90x.o
    0x0800c2e4   0x00000074   Code   RO         6512    i.fp_usart2_send    fpcst90x.o
    0x0800c358   0x00000018   Code   RO          654    i.fputc             usart.o
    0x0800c370   0x00000050   Code   RO         8957    i.free              mc_w.l(malloc.o)
    0x0800c3c0   0x00000028   Code   RO         6081    i.horn_powerOff     win6170.o
    0x0800c3e8   0x00000010   Code   RO         6082    i.horn_powerOn      win6170.o
    0x0800c3f8   0x0000009a   Code   RO         5459    i.init_ic           ssd1305.o
    0x0800c492   0x00000002   PAD
    0x0800c494   0x00000154   Code   RO         6208    i.keyboard_lock     menu.o
    0x0800c5e8   0x00000346   Code   RO         6209    i.keyboard_login    menu.o
    0x0800c92e   0x00000002   PAD
    0x0800c930   0x000004aa   Code   RO         6455    i.keyboard_password_confirm  keyboard.o
    0x0800cdda   0x00000002   PAD
    0x0800cddc   0x00000232   Code   RO         6456    i.keyboard_password_del  keyboard.o
    0x0800d00e   0x00000002   PAD
    0x0800d010   0x0000027e   Code   RO         6457    i.keyboard_password_save  keyboard.o
    0x0800d28e   0x0000000e   Code   RO         5215    i.led_powerOff      74hc595.o
    0x0800d29c   0x0000000c   Code   RO         5216    i.led_powerOn       74hc595.o
    0x0800d2a8   0x00000264   Code   RO           18    i.main              main.o
    0x0800d50c   0x00000094   Code   RO         6210    i.main_menu         menu.o
    0x0800d5a0   0x0000006c   Code   RO         8958    i.malloc            mc_w.l(malloc.o)
    0x0800d60c   0x000000d8   Code   RO         6211    i.multi_mode_init   menu.o
    0x0800d6e4   0x000001a0   Code   RO         6164    i.nfc9883_init      nfc9883.o
    0x0800d884   0x0000041a   Code   RO         6683    i.nfc_add           nfc.o
    0x0800dc9e   0x00000002   PAD
    0x0800dca0   0x00000242   Code   RO         6684    i.nfc_delete        nfc.o
    0x0800dee2   0x00000002   PAD
    0x0800dee4   0x00000010   Code   RO         5460    i.oled_init         ssd1305.o
    0x0800def4   0x0000000c   Code   RO         5461    i.oled_powerOff     ssd1305.o
    0x0800df00   0x0000000c   Code   RO         5462    i.oled_powerOn      ssd1305.o
    0x0800df0c   0x00000040   Code   RO         5463    i.oled_refresh_gram  ssd1305.o
    0x0800df4c   0x00000040   Code   RO         5464    i.oled_refresh_gram_with_arg  ssd1305.o
    0x0800df8c   0x00000068   Code   RO         5465    i.oled_refresh_gram_with_multi_arg  ssd1305.o
    0x0800dff4   0x00000016   Code   RO         7935    i.phKeyStore_Rc663_Init  nfc9883.lib(phkeystore_rc663.o)
    0x0800e00a   0x00000018   Code   RO         8035    i.phalMfc_Sw_Init   nfc9883.lib(phalmfc_sw.o)
    0x0800e022   0x00000030   Code   RO         8197    i.phbalReg_Exchange  nfc9883.lib(phbalreg.o)
    0x0800e052   0x0000002e   Code   RO         6971    i.phbalReg_Stub_Exchange  nfc9883.lib(phbalreg_stub.o)
    0x0800e080   0x0000001a   Code   RO         6974    i.phbalReg_Stub_Init  nfc9883.lib(phbalreg_stub.o)
    0x0800e09a   0x00000024   Code   RO         6862    i.phhalHw_ApplyProtocolSettings  nfc9883.lib(phhalhw.o)
    0x0800e0be   0x0000002e   Code   RO         6863    i.phhalHw_Exchange  nfc9883.lib(phhalhw.o)
    0x0800e0ec   0x0000001e   Code   RO         6866    i.phhalHw_FieldReset  nfc9883.lib(phhalhw.o)
    0x0800e10a   0x00000024   Code   RO         6867    i.phhalHw_GetConfig  nfc9883.lib(phhalhw.o)
    0x0800e12e   0x00000002   PAD
    0x0800e130   0x000001b8   Code   RO         7731    i.phhalHw_Rc663_ApplyProtocolSettings  nfc9883.lib(phhalhw_rc663.o)
    0x0800e2e8   0x00000038   Code   RO         7840    i.phhalHw_Rc663_Cmd_LoadProtocol  nfc9883.lib(phhalhw_rc663_cmd.o)
    0x0800e320   0x00000050   Code   RO         7841    i.phhalHw_Rc663_Cmd_LoadReg  nfc9883.lib(phhalhw_rc663_cmd.o)
    0x0800e370   0x000002ea   Code   RO         7842    i.phhalHw_Rc663_Cmd_Lpcd  nfc9883.lib(phhalhw_rc663_cmd.o)
    0x0800e65a   0x000000d6   Code   RO         7843    i.phhalHw_Rc663_Cmd_LpcdConfig  nfc9883.lib(phhalhw_rc663_cmd.o)
    0x0800e730   0x0000025a   Code   RO         7844    i.phhalHw_Rc663_Cmd_Lpcd_Set  nfc9883.lib(phhalhw_rc663_cmd.o)
    0x0800e98a   0x00000008   Code   RO         7847    i.phhalHw_Rc663_Cmd_SoftReset  nfc9883.lib(phhalhw_rc663_cmd.o)
    0x0800e992   0x00000002   PAD
    0x0800e994   0x0000036a   Code   RO         8349    i.phhalHw_Rc663_Command_Int  nfc9883.lib(phhalhw_rc663_int.o)
    0x0800ecfe   0x00000002   PAD
    0x0800ed00   0x000001f6   Code   RO         8350    i.phhalHw_Rc663_Command_Int_Set  nfc9883.lib(phhalhw_rc663_int.o)
    0x0800eef6   0x000004e8   Code   RO         7732    i.phhalHw_Rc663_Exchange  nfc9883.lib(phhalhw_rc663.o)
    0x0800f3de   0x00000026   Code   RO         7733    i.phhalHw_Rc663_FieldOff  nfc9883.lib(phhalhw_rc663.o)
    0x0800f404   0x00000026   Code   RO         7734    i.phhalHw_Rc663_FieldOn  nfc9883.lib(phhalhw_rc663.o)
    0x0800f42a   0x00000038   Code   RO         7735    i.phhalHw_Rc663_FieldReset  nfc9883.lib(phhalhw_rc663.o)
    0x0800f462   0x00000026   Code   RO         8351    i.phhalHw_Rc663_FlushFifo  nfc9883.lib(phhalhw_rc663_int.o)
    0x0800f488   0x00000270   Code   RO         7736    i.phhalHw_Rc663_GetConfig  nfc9883.lib(phhalhw_rc663.o)
    0x0800f6f8   0x000000a4   Code   RO         8352    i.phhalHw_Rc663_GetDigiDelay  nfc9883.lib(phhalhw_rc663_int.o)
    0x0800f79c   0x00000142   Code   RO         8353    i.phhalHw_Rc663_GetFdt  nfc9883.lib(phhalhw_rc663_int.o)
    0x0800f8de   0x00000074   Code   RO         8354    i.phhalHw_Rc663_GetRxBuffer  nfc9883.lib(phhalhw_rc663_int.o)
    0x0800f952   0x00000032   Code   RO         8355    i.phhalHw_Rc663_GetTxBuffer  nfc9883.lib(phhalhw_rc663_int.o)
    0x0800f984   0x00000082   Code   RO         7737    i.phhalHw_Rc663_Init  nfc9883.lib(phhalhw_rc663.o)
    0x0800fa06   0x0000006e   Code   RO         8357    i.phhalHw_Rc663_ReadData  nfc9883.lib(phhalhw_rc663_int.o)
    0x0800fa74   0x00000078   Code   RO         8358    i.phhalHw_Rc663_ReadFifo  nfc9883.lib(phhalhw_rc663_int.o)
    0x0800faec   0x0000006c   Code   RO         7740    i.phhalHw_Rc663_ReadRegister  nfc9883.lib(phhalhw_rc663.o)
    0x0800fb58   0x00000332   Code   RO         8359    i.phhalHw_Rc663_SetCardMode  nfc9883.lib(phhalhw_rc663_int.o)
    0x0800fe8a   0x000004a8   Code   RO         7741    i.phhalHw_Rc663_SetConfig  nfc9883.lib(phhalhw_rc663.o)
    0x08010332   0x0000017e   Code   RO         8360    i.phhalHw_Rc663_SetConfig_Int  nfc9883.lib(phhalhw_rc663_int.o)
    0x080104b0   0x000000d8   Code   RO         8361    i.phhalHw_Rc663_SetFdt  nfc9883.lib(phhalhw_rc663_int.o)
    0x08010588   0x0000005e   Code   RO         8362    i.phhalHw_Rc663_SetRxWait  nfc9883.lib(phhalhw_rc663_int.o)
    0x080105e6   0x00000002   PAD
    0x080105e8   0x000000d8   Code   RO         8363    i.phhalHw_Rc663_SetTxWait  nfc9883.lib(phhalhw_rc663_int.o)
    0x080106c0   0x000000a0   Code   RO         7742    i.phhalHw_Rc663_Wait  nfc9883.lib(phhalhw_rc663.o)
    0x08010760   0x000001cc   Code   RO         8471    i.phhalHw_Rc663_WaitIrq  nfc9883.lib(phhalhw_rc663_wait.o)
    0x0801092c   0x0000006e   Code   RO         8364    i.phhalHw_Rc663_WriteData  nfc9883.lib(phhalhw_rc663_int.o)
    0x0801099a   0x00000080   Code   RO         8365    i.phhalHw_Rc663_WriteFifo  nfc9883.lib(phhalhw_rc663_int.o)
    0x08010a1a   0x0000005c   Code   RO         7743    i.phhalHw_Rc663_WriteRegister  nfc9883.lib(phhalhw_rc663.o)
    0x08010a76   0x00000024   Code   RO         6870    i.phhalHw_ReadRegister  nfc9883.lib(phhalhw.o)
    0x08010a9a   0x00000024   Code   RO         6871    i.phhalHw_SetConfig  nfc9883.lib(phhalhw.o)
    0x08010abe   0x00000024   Code   RO         6873    i.phhalHw_WriteRegister  nfc9883.lib(phhalhw.o)
    0x08010ae2   0x00000030   Code   RO         7036    i.phpalI14443p3a_ActivateCard  nfc9883.lib(phpali14443p3a.o)
    0x08010b12   0x00000140   Code   RO         7259    i.phpalI14443p3a_Sw_ActivateCard  nfc9883.lib(phpali14443p3a_sw.o)
    0x08010c52   0x000002a6   Code   RO         7260    i.phpalI14443p3a_Sw_Anticollision  nfc9883.lib(phpali14443p3a_sw.o)
    0x08010ef8   0x0000001c   Code   RO         7264    i.phpalI14443p3a_Sw_Init  nfc9883.lib(phpali14443p3a_sw.o)
    0x08010f14   0x00000008   Code   RO         7265    i.phpalI14443p3a_Sw_RequestA  nfc9883.lib(phpali14443p3a_sw.o)
    0x08010f1c   0x000000b0   Code   RO         7266    i.phpalI14443p3a_Sw_RequestAEx  nfc9883.lib(phpali14443p3a_sw.o)
    0x08010fcc   0x00000010   Code   RO         7267    i.phpalI14443p3a_Sw_Select  nfc9883.lib(phpali14443p3a_sw.o)
    0x08010fdc   0x00000008   Code   RO         7268    i.phpalI14443p3a_Sw_WakeUpA  nfc9883.lib(phpali14443p3a_sw.o)
    0x08010fe4   0x0000002e   Code   RO         7346    i.phpalI14443p3b_RequestB  nfc9883.lib(phpali14443p3b.o)
    0x08011012   0x00000056   Code   RO         7433    i.phpalI14443p3b_Sw_CheckATQBEx  nfc9883.lib(phpali14443p3b_sw.o)
    0x08011068   0x0000003c   Code   RO         7441    i.phpalI14443p3b_Sw_Init  nfc9883.lib(phpali14443p3b_sw.o)
    0x080110a4   0x00000016   Code   RO         7442    i.phpalI14443p3b_Sw_RequestB  nfc9883.lib(phpali14443p3b_sw.o)
    0x080110ba   0x000000a8   Code   RO         7443    i.phpalI14443p3b_Sw_RequestBEx  nfc9883.lib(phpali14443p3b_sw.o)
    0x08011162   0x00000016   Code   RO         7567    i.phpalI14443p4_Sw_Init  nfc9883.lib(phpali14443p4_sw.o)
    0x08011178   0x00000020   Code   RO         7573    i.phpalI14443p4_Sw_ResetProtocol  nfc9883.lib(phpali14443p4_sw.o)
    0x08011198   0x00000018   Code   RO         7672    i.phpalMifare_Sw_Init  nfc9883.lib(phpalmifare_sw.o)
    0x080111b0   0x00000014   Code   RO         5466    i.pow_tool          ssd1305.o
    0x080111c4   0x00000098   Code   RO         5217    i.send_bytes        74hc595.o
    0x0801125c   0x00000098   Code   RO         6083    i.set_win6170       win6170.o
    0x080112f4   0x00000280   Code   RO         6212    i.sleep_mode        menu.o
    0x08011574   0x000000b0   Code   RO         6040    i.stm_flash_erase   stmflash.o
    0x08011624   0x00000104   Code   RO         6041    i.stm_flash_erase_write  stmflash.o
    0x08011728   0x00000018   Code   RO         6042    i.stm_flash_read    stmflash.o
    0x08011740   0x00000084   Code   RO         6213    i.sys_battery_get   menu.o
    0x080117c4   0x00000048   Code   RO         6303    i.sys_battery_used_log  user_operator.o
    0x0801180c   0x00000030   Code   RO         5323    i.sys_delay_us      delay.o
    0x0801183c   0x00000048   Code   RO         6304    i.sys_host_about_log  user_operator.o
    0x08011884   0x0000008c   Code   RO         6305    i.sys_info_menu     user_operator.o
    0x08011910   0x00000054   Code   RO         6306    i.sys_log_record    user_operator.o
    0x08011964   0x0000015c   Code   RO         6307    i.sys_operator_log  user_operator.o
    0x08011ac0   0x00000064   Code   RO         6308    i.sys_resource_used_log  user_operator.o
    0x08011b24   0x000000de   Code   RO         6309    i.sys_set_config_wlan  user_operator.o
    0x08011c02   0x00000002   PAD
    0x08011c04   0x00000220   Code   RO         6310    i.sys_set_config_wlan_countdown  user_operator.o
    0x08011e24   0x00000632   Code   RO         6311    i.sys_set_date_menu  user_operator.o
    0x08012456   0x00000002   PAD
    0x08012458   0x00000068   Code   RO         6312    i.sys_set_factory_menu  user_operator.o
    0x080124c0   0x00000088   Code   RO         6313    i.sys_set_menu      user_operator.o
    0x08012548   0x0000005c   Code   RO         6513    i.usart2_recv_data  fpcst90x.o
    0x080125a4   0x000000ee   Code   RO         6722    i.usart3_recv_parse  wifi_8266.o
    0x08012692   0x00000002   PAD
    0x08012694   0x000000e6   Code   RO         6723    i.usart3_search_item  wifi_8266.o
    0x0801277a   0x00000002   PAD
    0x0801277c   0x000000d2   Code   RO         6314    i.user_add_hak_menu_sub  user_operator.o
    0x0801284e   0x00000002   PAD
    0x08012850   0x0000023a   Code   RO         6315    i.user_add_keyboard_menu  user_operator.o
    0x08012a8a   0x00000002   PAD
    0x08012a8c   0x00000088   Code   RO         6316    i.user_add_menu     user_operator.o
    0x08012b14   0x00000112   Code   RO         6317    i.user_add_menu_sub  user_operator.o
    0x08012c26   0x00000002   PAD
    0x08012c28   0x00000656   Code   RO         6318    i.user_delete_card_menu  user_operator.o
    0x0801327e   0x00000002   PAD
    0x08013280   0x0000059a   Code   RO         6319    i.user_delete_fp_menu  user_operator.o
    0x0801381a   0x00000002   PAD
    0x0801381c   0x00000084   Code   RO         6320    i.user_delete_hak_menu_sub  user_operator.o
    0x080138a0   0x00000088   Code   RO         6321    i.user_delete_menu  user_operator.o
    0x08013928   0x00000094   Code   RO         6322    i.user_delete_menu_sub  user_operator.o
    0x080139bc   0x000005f0   Code   RO         6323    i.user_delete_password_menu  user_operator.o
    0x08013fac   0x0000005e   Code   RO         6214    i.voice_repeat      menu.o
    0x0801400a   0x00000002   PAD
    0x0801400c   0x000000e6   Code   RO         6084    i.vol_set           win6170.o
    0x080140f2   0x00000002   PAD
    0x080140f4   0x00000050   Code   RO         6724    i.wifi_get_mac      wifi_8266.o
    0x08014144   0x0000002c   Code   RO         6725    i.wifi_get_password  wifi_8266.o
    0x08014170   0x00000014   Code   RO         6726    i.wifi_init         wifi_8266.o
    0x08014184   0x000002d4   Code   RO         6727    i.wifi_parase_time  wifi_8266.o
    0x08014458   0x00000010   Code   RO         6728    i.wifi_power_off    wifi_8266.o
    0x08014468   0x00000028   Code   RO         6729    i.wifi_power_on     wifi_8266.o
    0x08014490   0x0000080e   Code   RO         6730    i.wifi_remote_open  wifi_8266.o
    0x08014c9e   0x00000002   PAD
    0x08014ca0   0x00000024   Code   RO         6731    i.wifi_rxBuff_clear  wifi_8266.o
    0x08014cc4   0x00000118   Code   RO         6732    i.wifi_server_time_syn  wifi_8266.o
    0x08014ddc   0x0000033e   Code   RO         6733    i.wifi_smart_config  wifi_8266.o
    0x0801511a   0x00000002   PAD
    0x0801511c   0x000000cc   Code   RO         6734    i.wifi_trans_recev_command  wifi_8266.o
    0x080151e8   0x000000d0   Code   RO         6735    i.wifi_upload_alarm_info  wifi_8266.o
    0x080152b8   0x0000042e   Code   RO         6736    i.wifi_upload_all_info  wifi_8266.o
    0x080156e6   0x00000028   Code   RO         6737    i.wifi_upload_battery  wifi_8266.o
    0x0801570e   0x00000002   PAD
    0x08015710   0x000001f4   Code   RO         6738    i.wifi_upload_send  wifi_8266.o
    0x08015904   0x00000120   Code   RO         6739    i.wifi_upload_tryErr_info  wifi_8266.o
    0x08015a24   0x0000024a   Code   RO         6740    i.wifi_upload_user_info  wifi_8266.o
    0x08015c6e   0x0000003a   Data   RO           22    .constdata          main.o
    0x08015ca8   0x00000040   Data   RO         5179    .constdata          system_stm32l4xx.o
    0x08015ce8   0x00000008   Data   RO         5180    .constdata          system_stm32l4xx.o
    0x08015cf0   0x00000022   Data   RO         5259    .constdata          apt8l16.o
    0x08015d12   0x0000561d   Data   RO         5468    .constdata          ssd1305.o
    0x0801b32f   0x00000026   Data   RO         6043    .constdata          stmflash.o
    0x0801b355   0x00000019   Data   RO         6166    .constdata          nfc9883.o
    0x0801b36e   0x00000002   PAD
    0x0801b370   0x00000080   Data   RO         6216    .constdata          menu.o
    0x0801b3f0   0x000000dd   Data   RO         6324    .constdata          user_operator.o
    0x0801b4cd   0x00000047   Data   RO         6458    .constdata          keyboard.o
    0x0801b514   0x0000001d   Data   RO         6515    .constdata          fpcst90x.o
    0x0801b531   0x0000000b   Data   RO         6642    .constdata          flash.o
    0x0801b53c   0x00000013   Data   RO         6686    .constdata          nfc.o
    0x0801b54f   0x00000001   PAD
    0x0801b550   0x0000015a   Data   RO         6742    .constdata          wifi_8266.o
    0x0801b6aa   0x00000138   Data   RO         7744    .constdata          nfc9883.lib(phhalhw_rc663.o)
    0x0801b7e2   0x0000000d   Data   RO         8137    .constdata          nfc9883.lib(regctl_spihw.o)
    0x0801b7ef   0x00000001   PAD
    0x0801b7f0   0x0000017e   Data   RO         8366    .constdata          nfc9883.lib(phhalhw_rc663_int.o)
    0x0801b96e   0x00000016   Data   RO         8472    .constdata          nfc9883.lib(phhalhw_rc663_wait.o)
    0x0801b984   0x00000081   Data   RO         9045    .constdata          mc_w.l(ctype_o.o)
    0x0801ba05   0x00000003   PAD
    0x0801ba08   0x00000004   Data   RO         9046    .constdata          mc_w.l(ctype_o.o)
    0x0801ba0c   0x00000043   Data   RO         6217    .conststring        menu.o
    0x0801ba4f   0x00000001   PAD
    0x0801ba50   0x00000092   Data   RO         6743    .conststring        wifi_8266.o
    0x0801bae2   0x00000002   PAD
    0x0801bae4   0x00000020   Data   RO         9076    Region$$Table       anon$$obj.o


    Execution Region RW_IRAM1 (Base: 0x20000000, Size: 0x0000beb0, Max: 0x00010000, ABSOLUTE)

    Base Addr    Size         Type   Attr      Idx    E Section Name        Object

    0x20000000   0x00000014   Data   RW           23    .data               main.o
    0x20000014   0x00000004   Data   RW           24    .data               main.o
    0x20000018   0x00000001   Data   RW           25    .data               main.o
    0x20000019   0x00000001   Data   RW           26    .data               main.o
    0x2000001a   0x00000001   Data   RW           27    .data               main.o
    0x2000001b   0x00000004   Data   RW           28    .data               main.o
    0x2000001f   0x00000001   PAD
    0x20000020   0x00000004   Data   RW         3897    .data               stm32l4xx_hal.o
    0x20000024   0x00000020   Data   RW         4374    .data               stm32l4xx_hal_flash.o
    0x20000044   0x00000004   Data   RW         5181    .data               system_stm32l4xx.o
    0x20000048   0x00000012   Data   RW         5260    .data               apt8l16.o
    0x2000005a   0x00000004   Data   RW         5471    .data               ssd1305.o
    0x2000005e   0x00000002   PAD
    0x20000060   0x00000018   Data   RW         6167    .data               nfc9883.o
    0x20000078   0x0000000a   Data   RW         6218    .data               menu.o
    0x20000082   0x00000002   PAD
    0x20000084   0x00000004   Data   RW         6325    .data               user_operator.o
    0x20000088   0x00000004   Data   RW         6516    .data               fpcst90x.o
    0x2000008c   0x00000018   Data   RW         6643    .data               flash.o
    0x200000a4   0x00000028   Data   RW         6744    .data               wifi_8266.o
    0x200000cc   0x00000004   Data   RW         9011    .data               mc_w.l(stdout.o)
    0x200000d0   0x00000004   Data   RW         9020    .data               mc_w.l(mvars.o)
    0x200000d4   0x00000004   Data   RW         9021    .data               mc_w.l(mvars.o)
    0x200000d8   0x00000004   Data   RW         9025    .data               mc_w.l(errno.o)
    0x200000dc   0x00000014   Zero   RW           19    .bss                main.o
    0x200000f0   0x00000c00   Zero   RW           20    .bss                main.o
    0x20000cf0   0x00000064   Zero   RW          371    .bss                adc.o
    0x20000d54   0x00000098   Zero   RW          414    .bss                i2c.o
    0x20000dec   0x00000010   Zero   RW          460    .bss                iwdg.o
    0x20000dfc   0x00000024   Zero   RW          503    .bss                rtc.o
    0x20000e20   0x00000064   Zero   RW          550    .bss                spi.o
    0x20000e84   0x000000c0   Zero   RW          595    .bss                tim.o
    0x20000f44   0x00000168   Zero   RW          655    .bss                usart.o
    0x200010ac   0x00000800   Zero   RW         5467    .bss                ssd1305.o
    0x200018ac   0x00000171   Zero   RW         6165    .bss                nfc9883.o
    0x20001a1d   0x00000003   PAD
    0x20001a20   0x00000028   Zero   RW         6215    .bss                menu.o
    0x20001a48   0x00000400   Zero   RW         6514    .bss                fpcst90x.o
    0x20001e48   0x00000022   Zero   RW         6685    .bss                nfc.o
    0x20001e6a   0x00000040   Zero   RW         6741    .bss                wifi_8266.o
    0x20001eaa   0x00000006   PAD
    0x20001eb0   0x00008000   Zero   RW            2    HEAP                startup_stm32l431xx.o
    0x20009eb0   0x00002000   Zero   RW            1    STACK               startup_stm32l431xx.o


==============================================================================

Image component sizes


      Code (inc. data)   RO Data    RW Data    ZI Data      Debug   Object Name

       178          6          0          0          0       1546   74hc595.o
       204         44          0          0        100       1641   adc.o
      1016        168         34         18          0       5845   apt8l16.o
        48          0          0          0          0        687   delay.o
      1386        394         11         24          0       3454   flash.o
      3838        838         29          4       1024      16601   fpcst90x.o
       498         32          0          0          0       1135   gpio.o
       136         24          0          0          0       1016   hsj08.o
       428         90          0          0        152       2750   i2c.o
        72         26          0          0         16       3357   iwdg.o
      2394        700         71          0          0       4799   keyboard.o
      1778        506         58         31       3092     756128   main.o
      6726       1642        195         10         40      14423   menu.o
      1628        494         19          0         34       3022   nfc.o
      1042        254         25         24        369       2741   nfc9883.o
       356         72          0          0         36       2119   rtc.o
       220         50          0          0        100       2113   spi.o
     15050       1096      22045          4       2048      72159   ssd1305.o
        36          8        396          0      40960        832   startup_stm32l431xx.o
       106         18          0          4          0       3527   stm32l4xx_hal.o
      2332        102          0          0          0      65728   stm32l4xx_hal_adc.o
       250         14          0          0          0      32783   stm32l4xx_hal_cortex.o
        78          0          0          0          0       1075   stm32l4xx_hal_dma.o
       406         48          0         32          0       5138   stm32l4xx_hal_flash.o
       374         24          0          0          0       3945   stm32l4xx_hal_flash_ex.o
       732         60          0          0          0       4524   stm32l4xx_hal_gpio.o
      1848         50          0          0          0      12876   stm32l4xx_hal_i2c.o
       208         10          0          0          0       2570   stm32l4xx_hal_i2c_ex.o
       106          0          0          0          0       1759   stm32l4xx_hal_iwdg.o
       128          6          0          0          0        898   stm32l4xx_hal_msp.o
        16          4          0          0          0        543   stm32l4xx_hal_pwr.o
       176         30          0          0          0       1981   stm32l4xx_hal_pwr_ex.o
      2152        106          0          0          0       8900   stm32l4xx_hal_rcc.o
      1014         36          0          0          0       3629   stm32l4xx_hal_rcc_ex.o
      1388         34          0          0          0       8818   stm32l4xx_hal_rtc.o
      1158          0          0          0          0       5981   stm32l4xx_hal_spi.o
       990         24          0          0          0      10548   stm32l4xx_hal_tim.o
        94          6          0          0          0       3017   stm32l4xx_hal_tim_ex.o
      2014         74          0          0          0      12828   stm32l4xx_hal_uart.o
         2          0          0          0          0        996   stm32l4xx_hal_uart_ex.o
       236         42          0          0          0       8953   stm32l4xx_it.o
       520        198         38          0          0       3595   stmflash.o
        68         12         72          4          0       1209   system_stm32l4xx.o
       464         92          0          0        192       3265   tim.o
       616        126          0          0        360       4193   usart.o
      9802       2264        221          4          0      22536   user_operator.o
      7530       2702        492         40         64      20718   wifi_8266.o
       438         52          0          0          0       2491   win6170.o

    ----------------------------------------------------------------------
     72424      12578      23744        204      48596    1155392   Object Totals
         0          0         32          0          0          0   (incl. Generated)
       144          0          6          5          9          0   (incl. Padding)

    ----------------------------------------------------------------------

      Code (inc. data)   RO Data    RW Data    ZI Data      Debug   Library Member Name

        28          0          0          0          0         68   _chval.o
       164          0          0          0          0         92   _strtoul.o
        26          0          0          0          0         80   atoi.o
        28          0          0          0          0         76   calloc.o
         8          4        133          0          0         68   ctype_o.o
         0          0          0          0          0          0   entry.o
         0          0          0          0          0          0   entry10a.o
         0          0          0          0          0          0   entry11a.o
         8          4          0          0          0          0   entry2.o
         4          0          0          0          0          0   entry5.o
         0          0          0          0          0          0   entry7b.o
         0          0          0          0          0          0   entry8b.o
         8          4          0          0          0          0   entry9a.o
         8          4          0          4          0         68   errno.o
        30          0          0          0          0          0   handlers.o
        36          8          0          0          0         68   init.o
         0          0          0          0          0          0   iusefp.o
        30          0          0          0          0         68   llshl.o
        36          0          0          0          0         68   llsshr.o
        32          0          0          0          0         68   llushr.o
       188         20          0          0          0        160   malloc.o
        36          0          0          0          0         68   memcpya.o
        36          0          0          0          0        108   memseta.o
         0          0          0          8          0          0   mvars.o
      1210         60          0          0          0        504   printf8.o
         0          0          0          4          0          0   stdout.o
        24          0          0          0          0         68   strcat.o
        14          0          0          0          0         68   strlen.o
        30          0          0          0          0         80   strncmp.o
        36          0          0          0          0         80   strstr.o
       112          0          0          0          0         88   strtol.o
       104          0          0          0          0         92   uldiv.o
        56          0          0          0          0         88   d2f.o
       350          0          0          0          0        148   dadd.o
       186          0          0          0          0        176   depilogue.o
        26          0          0          0          0         76   dfltui.o
       234          0          0          0          0         96   dmul.o
       110          0          0          0          0        168   fepilogue.o
        24          0          0          0          0       2533   phalmfc_sw.o
        48          0          0          0          0       1356   phbalreg.o
        72          0          0          0          0       2154   phbalreg_stub.o
       256          0          0          0          0      12247   phhalhw.o
      4134        100        312          0          0      15388   phhalhw_rc663.o
      1706         18          0          0          0       7880   phhalhw_rc663_cmd.o
      4260        292        382          0          0      20377   phhalhw_rc663_int.o
       460        126         22          0          0       1936   phhalhw_rc663_wait.o
        22          0          0          0          0       1348   phkeystore_rc663.o
        48          0          0          0          0       2166   phpali14443p3a.o
      1234          0          0          0          0       8187   phpali14443p3a_sw.o
        46          0          0          0          0       2394   phpali14443p3b.o
       336          0          0          0          0       4253   phpali14443p3b_sw.o
        54          0          0          0          0       4233   phpali14443p4_sw.o
        24          0          0          0          0       2158   phpalmifare_sw.o
       442        122         13          0          0       4888   regctl_spihw.o

    ----------------------------------------------------------------------
     16378        762        866         16          0      96290   Library Totals
        14          0          4          0          0          0   (incl. Padding)

    ----------------------------------------------------------------------

      Code (inc. data)   RO Data    RW Data    ZI Data      Debug   Library Name

      2236        104        133         16          0       2040   mc_w.l
       962          0          0          0          0        752   mf_w.l
     13166        658        729          0          0      93498   nfc9883.lib

    ----------------------------------------------------------------------
     16378        762        866         16          0      96290   Library Totals

    ----------------------------------------------------------------------

==============================================================================


      Code (inc. data)   RO Data    RW Data    ZI Data      Debug   

     88802      13340      24610        220      48596    1206130   Grand Totals
     88802      13340      24610        220      48596    1206130   ELF Image Totals
     88802      13340      24610        220          0          0   ROM Totals

==============================================================================

    Total RO  Size (Code + RO Data)               113412 ( 110.75kB)
    Total RW  Size (RW Data + ZI Data)             48816 (  47.67kB)
    Total ROM Size (Code + RO Data + RW Data)     113632 ( 110.97kB)

==============================================================================

